<!doctype html public "-//w3c//dtd html 4.0 transitional//en">
<html><head>
<title>Static Call Graph - [.\Objects\rt1064.axf]</title></head>
<body><HR>
<H1>Static Call Graph for image .\Objects\rt1064.axf</H1><HR>
<BR><P>#&#060CALLGRAPH&#062# ARM Linker, 6190004: Last Updated: Mon Sep 29 23:03:30 2025
<BR><P>
<H3>Maximum Stack Usage =       2416 bytes + Unknown(Functions without stacksize, Cycles, Untraceable Function Pointers)</H3><H3>
Call chain for Maximum Stack Depth:</H3>
PIT_IRQHandler &rArr; pit_handler_2 &rArr; Image_Control &rArr; my_adapt_threshold &rArr; __hardfp_pow &rArr; sqrt
<P>
<H3>
Functions with no stack information
</H3><UL>
 <LI><a href="#[2]">Reset_Handler</a>
 <LI><a href="#[87]">ACMP1_IRQHandler</a>
 <LI><a href="#[88]">ACMP2_IRQHandler</a>
 <LI><a href="#[89]">ACMP3_IRQHandler</a>
 <LI><a href="#[8a]">ACMP4_IRQHandler</a>
 <LI><a href="#[4f]">ADC1_IRQHandler</a>
 <LI><a href="#[50]">ADC2_IRQHandler</a>
 <LI><a href="#[85]">ADC_ETC_ERROR_IRQ_IRQHandler</a>
 <LI><a href="#[82]">ADC_ETC_IRQ0_IRQHandler</a>
 <LI><a href="#[83]">ADC_ETC_IRQ1_IRQHandler</a>
 <LI><a href="#[84]">ADC_ETC_IRQ2_IRQHandler</a>
 <LI><a href="#[43]">BEE_IRQHandler</a>
 <LI><a href="#[6b]">CCM_1_IRQHandler</a>
 <LI><a href="#[6c]">CCM_2_IRQHandler</a>
 <LI><a href="#[1f]">CORE_IRQHandler</a>
 <LI><a href="#[3d]">CSU_IRQHandler</a>
 <LI><a href="#[1d]">CTI0_ERROR_IRQHandler</a>
 <LI><a href="#[1e]">CTI1_ERROR_IRQHandler</a>
 <LI><a href="#[51]">DCDC_IRQHandler</a>
 <LI><a href="#[3e]">DCP_IRQHandler</a>
 <LI><a href="#[3f]">DCP_VMI_IRQHandler</a>
 <LI><a href="#[bd]">DMA_ERROR_DriverIRQHandler</a>
 <LI><a href="#[1]">DefaultISR</a>
 <LI><a href="#[8d]">ENC1_IRQHandler</a>
 <LI><a href="#[8e]">ENC2_IRQHandler</a>
 <LI><a href="#[8f]">ENC3_IRQHandler</a>
 <LI><a href="#[90]">ENC4_IRQHandler</a>
 <LI><a href="#[6a]">EWM_IRQHandler</a>
 <LI><a href="#[32]">FLEXRAM_IRQHandler</a>
 <LI><a href="#[d7]">FLEXSPI2_DriverIRQHandler</a>
 <LI><a href="#[d8]">FLEXSPI_DriverIRQHandler</a>
 <LI><a href="#[6d]">GPC_IRQHandler</a>
 <LI><a href="#[53]">GPIO10_IRQHandler</a>
 <LI><a href="#[54]">GPIO1_INT0_IRQHandler</a>
 <LI><a href="#[55]">GPIO1_INT1_IRQHandler</a>
 <LI><a href="#[56]">GPIO1_INT2_IRQHandler</a>
 <LI><a href="#[57]">GPIO1_INT3_IRQHandler</a>
 <LI><a href="#[58]">GPIO1_INT4_IRQHandler</a>
 <LI><a href="#[59]">GPIO1_INT5_IRQHandler</a>
 <LI><a href="#[5a]">GPIO1_INT6_IRQHandler</a>
 <LI><a href="#[5b]">GPIO1_INT7_IRQHandler</a>
 <LI><a href="#[61]">GPIO3_Combined_16_31_IRQHandler</a>
 <LI><a href="#[62]">GPIO4_Combined_0_15_IRQHandler</a>
 <LI><a href="#[63]">GPIO4_Combined_16_31_IRQHandler</a>
 <LI><a href="#[64]">GPIO5_Combined_0_15_IRQHandler</a>
 <LI><a href="#[65]">GPIO5_Combined_16_31_IRQHandler</a>
 <LI><a href="#[a9]">GPIO6_7_8_9_IRQHandler</a>
 <LI><a href="#[35]">GPR_IRQ_IRQHandler</a>
 <LI><a href="#[70]">GPT1_IRQHandler</a>
 <LI><a href="#[71]">GPT2_IRQHandler</a>
 <LI><a href="#[33]">KPP_IRQHandler</a>
 <LI><a href="#[36]">LCDIF_IRQHandler</a>
 <LI><a href="#[49]">PMU_EVENT_IRQHandler</a>
 <LI><a href="#[72]">PWM1_0_IRQHandler</a>
 <LI><a href="#[73]">PWM1_1_IRQHandler</a>
 <LI><a href="#[74]">PWM1_2_IRQHandler</a>
 <LI><a href="#[75]">PWM1_3_IRQHandler</a>
 <LI><a href="#[76]">PWM1_FAULT_IRQHandler</a>
 <LI><a href="#[95]">PWM2_0_IRQHandler</a>
 <LI><a href="#[96]">PWM2_1_IRQHandler</a>
 <LI><a href="#[97]">PWM2_2_IRQHandler</a>
 <LI><a href="#[98]">PWM2_3_IRQHandler</a>
 <LI><a href="#[99]">PWM2_FAULT_IRQHandler</a>
 <LI><a href="#[9a]">PWM3_0_IRQHandler</a>
 <LI><a href="#[9b]">PWM3_1_IRQHandler</a>
 <LI><a href="#[9c]">PWM3_2_IRQHandler</a>
 <LI><a href="#[9d]">PWM3_3_IRQHandler</a>
 <LI><a href="#[9e]">PWM3_FAULT_IRQHandler</a>
 <LI><a href="#[9f]">PWM4_0_IRQHandler</a>
 <LI><a href="#[a0]">PWM4_1_IRQHandler</a>
 <LI><a href="#[a1]">PWM4_2_IRQHandler</a>
 <LI><a href="#[a2]">PWM4_3_IRQHandler</a>
 <LI><a href="#[a3]">PWM4_FAULT_IRQHandler</a>
 <LI><a href="#[38]">PXP_IRQHandler</a>
 <LI><a href="#[69]">RTWDOG_IRQHandler</a>
 <LI><a href="#[6f]">Reserved115_IRQHandler</a>
 <LI><a href="#[8b]">Reserved143_IRQHandler</a>
 <LI><a href="#[8c]">Reserved144_IRQHandler</a>
 <LI><a href="#[a7]">Reserved171_IRQHandler</a>
 <LI><a href="#[40]">Reserved68_IRQHandler</a>
 <LI><a href="#[4a]">Reserved78_IRQHandler</a>
 <LI><a href="#[52]">Reserved86_IRQHandler</a>
 <LI><a href="#[79]">SEMC_IRQHandler</a>
 <LI><a href="#[42]">SJC_IRQHandler</a>
 <LI><a href="#[3a]">SNVS_HP_WRAPPER_IRQHandler</a>
 <LI><a href="#[3b]">SNVS_HP_WRAPPER_TZ_IRQHandler</a>
 <LI><a href="#[3c]">SNVS_LP_WRAPPER_IRQHandler</a>
 <LI><a href="#[6e]">SRC_IRQHandler</a>
 <LI><a href="#[4b]">TEMP_LOW_HIGH_IRQHandler</a>
 <LI><a href="#[4c]">TEMP_PANIC_IRQHandler</a>
 <LI><a href="#[91]">TMR1_IRQHandler</a>
 <LI><a href="#[92]">TMR2_IRQHandler</a>
 <LI><a href="#[93]">TMR3_IRQHandler</a>
 <LI><a href="#[94]">TMR4_IRQHandler</a>
 <LI><a href="#[41]">TRNG_IRQHandler</a>
 <LI><a href="#[34]">TSC_DIG_IRQHandler</a>
 <LI><a href="#[4d]">USB_PHY1_IRQHandler</a>
 <LI><a href="#[4e]">USB_PHY2_IRQHandler</a>
 <LI><a href="#[68]">WDOG1_IRQHandler</a>
 <LI><a href="#[39]">WDOG2_IRQHandler</a>
 <LI><a href="#[80]">XBAR1_IRQ_0_1_IRQHandler</a>
 <LI><a href="#[81]">XBAR1_IRQ_2_3_IRQHandler</a>
 <LI><a href="#[b]">SysTick_Handler</a>
 <LI><a href="#[c]">DMA0_DMA16_IRQHandler</a>
 <LI><a href="#[d]">DMA1_DMA17_IRQHandler</a>
 <LI><a href="#[e]">DMA2_DMA18_IRQHandler</a>
 <LI><a href="#[f]">DMA3_DMA19_IRQHandler</a>
 <LI><a href="#[10]">DMA4_DMA20_IRQHandler</a>
 <LI><a href="#[11]">DMA5_DMA21_IRQHandler</a>
 <LI><a href="#[12]">DMA6_DMA22_IRQHandler</a>
 <LI><a href="#[13]">DMA7_DMA23_IRQHandler</a>
 <LI><a href="#[14]">DMA8_DMA24_IRQHandler</a>
 <LI><a href="#[15]">DMA9_DMA25_IRQHandler</a>
 <LI><a href="#[16]">DMA10_DMA26_IRQHandler</a>
 <LI><a href="#[17]">DMA11_DMA27_IRQHandler</a>
 <LI><a href="#[18]">DMA12_DMA28_IRQHandler</a>
 <LI><a href="#[19]">DMA13_DMA29_IRQHandler</a>
 <LI><a href="#[1a]">DMA14_DMA30_IRQHandler</a>
 <LI><a href="#[1b]">DMA15_DMA31_IRQHandler</a>
 <LI><a href="#[1c]">DMA_ERROR_IRQHandler</a>
 <LI><a href="#[26]">LPUART7_IRQHandler</a>
 <LI><a href="#[28]">LPI2C1_IRQHandler</a>
 <LI><a href="#[29]">LPI2C2_IRQHandler</a>
 <LI><a href="#[2a]">LPI2C3_IRQHandler</a>
 <LI><a href="#[2b]">LPI2C4_IRQHandler</a>
 <LI><a href="#[2c]">LPSPI1_IRQHandler</a>
 <LI><a href="#[2d]">LPSPI2_IRQHandler</a>
 <LI><a href="#[2e]">LPSPI3_IRQHandler</a>
 <LI><a href="#[2f]">LPSPI4_IRQHandler</a>
 <LI><a href="#[30]">CAN1_IRQHandler</a>
 <LI><a href="#[31]">CAN2_IRQHandler</a>
 <LI><a href="#[44]">SAI1_IRQHandler</a>
 <LI><a href="#[45]">SAI2_IRQHandler</a>
 <LI><a href="#[46]">SAI3_RX_IRQHandler</a>
 <LI><a href="#[47]">SAI3_TX_IRQHandler</a>
 <LI><a href="#[48]">SPDIF_IRQHandler</a>
 <LI><a href="#[66]">FLEXIO1_IRQHandler</a>
 <LI><a href="#[67]">FLEXIO2_IRQHandler</a>
 <LI><a href="#[77]">FLEXSPI2_IRQHandler</a>
 <LI><a href="#[78]">FLEXSPI_IRQHandler</a>
 <LI><a href="#[7a]">USDHC1_IRQHandler</a>
 <LI><a href="#[7b]">USDHC2_IRQHandler</a>
 <LI><a href="#[7e]">ENET_IRQHandler</a>
 <LI><a href="#[7f]">ENET_1588_Timer_IRQHandler</a>
 <LI><a href="#[a4]">ENET2_IRQHandler</a>
 <LI><a href="#[a5]">ENET2_1588_Timer_IRQHandler</a>
 <LI><a href="#[a6]">CAN3_IRQHandler</a>
 <LI><a href="#[a8]">FLEXIO3_IRQHandler</a>
</UL>
</UL>
<P>
<H3>
Mutually Recursive functions
</H3> <LI><a href="#[26b]">pwm_set_duty</a>&nbsp;&nbsp;&nbsp;&rArr;&nbsp;&nbsp;&nbsp;<a href="#[260]">debug_assert_handler</a><BR>
</UL>
<P>
<H3>
Function Pointers
</H3><UL>
 <LI><a href="#[87]">ACMP1_IRQHandler</a> from startup_mimxrt1064.o(.text) referenced from startup_mimxrt1064.o(.isr_vector)
 <LI><a href="#[88]">ACMP2_IRQHandler</a> from startup_mimxrt1064.o(.text) referenced from startup_mimxrt1064.o(.isr_vector)
 <LI><a href="#[89]">ACMP3_IRQHandler</a> from startup_mimxrt1064.o(.text) referenced from startup_mimxrt1064.o(.isr_vector)
 <LI><a href="#[8a]">ACMP4_IRQHandler</a> from startup_mimxrt1064.o(.text) referenced from startup_mimxrt1064.o(.isr_vector)
 <LI><a href="#[4f]">ADC1_IRQHandler</a> from startup_mimxrt1064.o(.text) referenced from startup_mimxrt1064.o(.isr_vector)
 <LI><a href="#[50]">ADC2_IRQHandler</a> from startup_mimxrt1064.o(.text) referenced from startup_mimxrt1064.o(.isr_vector)
 <LI><a href="#[85]">ADC_ETC_ERROR_IRQ_IRQHandler</a> from startup_mimxrt1064.o(.text) referenced from startup_mimxrt1064.o(.isr_vector)
 <LI><a href="#[82]">ADC_ETC_IRQ0_IRQHandler</a> from startup_mimxrt1064.o(.text) referenced from startup_mimxrt1064.o(.isr_vector)
 <LI><a href="#[83]">ADC_ETC_IRQ1_IRQHandler</a> from startup_mimxrt1064.o(.text) referenced from startup_mimxrt1064.o(.isr_vector)
 <LI><a href="#[84]">ADC_ETC_IRQ2_IRQHandler</a> from startup_mimxrt1064.o(.text) referenced from startup_mimxrt1064.o(.isr_vector)
 <LI><a href="#[43]">BEE_IRQHandler</a> from startup_mimxrt1064.o(.text) referenced from startup_mimxrt1064.o(.isr_vector)
 <LI><a href="#[6]">BusFault_Handler</a> from zf_common_vector.o(.text.BusFault_Handler) referenced from startup_mimxrt1064.o(.isr_vector)
 <LI><a href="#[ce]">CAN1_DriverIRQHandler</a> from fsl_flexcan.o(.text.CAN1_DriverIRQHandler) referenced from startup_mimxrt1064.o(.text)
 <LI><a href="#[30]">CAN1_IRQHandler</a> from startup_mimxrt1064.o(.text) referenced from startup_mimxrt1064.o(.isr_vector)
 <LI><a href="#[cf]">CAN2_DriverIRQHandler</a> from fsl_flexcan.o(.text.CAN2_DriverIRQHandler) referenced from startup_mimxrt1064.o(.text)
 <LI><a href="#[31]">CAN2_IRQHandler</a> from startup_mimxrt1064.o(.text) referenced from startup_mimxrt1064.o(.isr_vector)
 <LI><a href="#[df]">CAN3_DriverIRQHandler</a> from fsl_flexcan.o(.text.CAN3_DriverIRQHandler) referenced from startup_mimxrt1064.o(.text)
 <LI><a href="#[a6]">CAN3_IRQHandler</a> from startup_mimxrt1064.o(.text) referenced from startup_mimxrt1064.o(.isr_vector)
 <LI><a href="#[6b]">CCM_1_IRQHandler</a> from startup_mimxrt1064.o(.text) referenced from startup_mimxrt1064.o(.isr_vector)
 <LI><a href="#[6c]">CCM_2_IRQHandler</a> from startup_mimxrt1064.o(.text) referenced from startup_mimxrt1064.o(.isr_vector)
 <LI><a href="#[1f]">CORE_IRQHandler</a> from startup_mimxrt1064.o(.text) referenced from startup_mimxrt1064.o(.isr_vector)
 <LI><a href="#[37]">CSI_IRQHandler</a> from isr.o(.text.CSI_IRQHandler) referenced from startup_mimxrt1064.o(.isr_vector)
 <LI><a href="#[e5]">CSI_TransferHandleIRQ</a> from fsl_csi.o(.text.CSI_TransferHandleIRQ) referenced 2 times from fsl_csi.o(.text.CSI_TransferCreateHandle)
 <LI><a href="#[3d]">CSU_IRQHandler</a> from startup_mimxrt1064.o(.text) referenced from startup_mimxrt1064.o(.isr_vector)
 <LI><a href="#[1d]">CTI0_ERROR_IRQHandler</a> from startup_mimxrt1064.o(.text) referenced from startup_mimxrt1064.o(.isr_vector)
 <LI><a href="#[1e]">CTI1_ERROR_IRQHandler</a> from startup_mimxrt1064.o(.text) referenced from startup_mimxrt1064.o(.isr_vector)
 <LI><a href="#[51]">DCDC_IRQHandler</a> from startup_mimxrt1064.o(.text) referenced from startup_mimxrt1064.o(.isr_vector)
 <LI><a href="#[3e]">DCP_IRQHandler</a> from startup_mimxrt1064.o(.text) referenced from startup_mimxrt1064.o(.isr_vector)
 <LI><a href="#[3f]">DCP_VMI_IRQHandler</a> from startup_mimxrt1064.o(.text) referenced from startup_mimxrt1064.o(.isr_vector)
 <LI><a href="#[ad]">DMA0_DMA16_DriverIRQHandler</a> from fsl_edma.o(.text.DMA0_DMA16_DriverIRQHandler) referenced from startup_mimxrt1064.o(.text)
 <LI><a href="#[c]">DMA0_DMA16_IRQHandler</a> from startup_mimxrt1064.o(.text) referenced from startup_mimxrt1064.o(.isr_vector)
 <LI><a href="#[b7]">DMA10_DMA26_DriverIRQHandler</a> from fsl_edma.o(.text.DMA10_DMA26_DriverIRQHandler) referenced from startup_mimxrt1064.o(.text)
 <LI><a href="#[16]">DMA10_DMA26_IRQHandler</a> from startup_mimxrt1064.o(.text) referenced from startup_mimxrt1064.o(.isr_vector)
 <LI><a href="#[b8]">DMA11_DMA27_DriverIRQHandler</a> from fsl_edma.o(.text.DMA11_DMA27_DriverIRQHandler) referenced from startup_mimxrt1064.o(.text)
 <LI><a href="#[17]">DMA11_DMA27_IRQHandler</a> from startup_mimxrt1064.o(.text) referenced from startup_mimxrt1064.o(.isr_vector)
 <LI><a href="#[b9]">DMA12_DMA28_DriverIRQHandler</a> from fsl_edma.o(.text.DMA12_DMA28_DriverIRQHandler) referenced from startup_mimxrt1064.o(.text)
 <LI><a href="#[18]">DMA12_DMA28_IRQHandler</a> from startup_mimxrt1064.o(.text) referenced from startup_mimxrt1064.o(.isr_vector)
 <LI><a href="#[ba]">DMA13_DMA29_DriverIRQHandler</a> from fsl_edma.o(.text.DMA13_DMA29_DriverIRQHandler) referenced from startup_mimxrt1064.o(.text)
 <LI><a href="#[19]">DMA13_DMA29_IRQHandler</a> from startup_mimxrt1064.o(.text) referenced from startup_mimxrt1064.o(.isr_vector)
 <LI><a href="#[bb]">DMA14_DMA30_DriverIRQHandler</a> from fsl_edma.o(.text.DMA14_DMA30_DriverIRQHandler) referenced from startup_mimxrt1064.o(.text)
 <LI><a href="#[1a]">DMA14_DMA30_IRQHandler</a> from startup_mimxrt1064.o(.text) referenced from startup_mimxrt1064.o(.isr_vector)
 <LI><a href="#[bc]">DMA15_DMA31_DriverIRQHandler</a> from fsl_edma.o(.text.DMA15_DMA31_DriverIRQHandler) referenced from startup_mimxrt1064.o(.text)
 <LI><a href="#[1b]">DMA15_DMA31_IRQHandler</a> from startup_mimxrt1064.o(.text) referenced from startup_mimxrt1064.o(.isr_vector)
 <LI><a href="#[ae]">DMA1_DMA17_DriverIRQHandler</a> from fsl_edma.o(.text.DMA1_DMA17_DriverIRQHandler) referenced from startup_mimxrt1064.o(.text)
 <LI><a href="#[d]">DMA1_DMA17_IRQHandler</a> from startup_mimxrt1064.o(.text) referenced from startup_mimxrt1064.o(.isr_vector)
 <LI><a href="#[af]">DMA2_DMA18_DriverIRQHandler</a> from fsl_edma.o(.text.DMA2_DMA18_DriverIRQHandler) referenced from startup_mimxrt1064.o(.text)
 <LI><a href="#[e]">DMA2_DMA18_IRQHandler</a> from startup_mimxrt1064.o(.text) referenced from startup_mimxrt1064.o(.isr_vector)
 <LI><a href="#[b0]">DMA3_DMA19_DriverIRQHandler</a> from fsl_edma.o(.text.DMA3_DMA19_DriverIRQHandler) referenced from startup_mimxrt1064.o(.text)
 <LI><a href="#[f]">DMA3_DMA19_IRQHandler</a> from startup_mimxrt1064.o(.text) referenced from startup_mimxrt1064.o(.isr_vector)
 <LI><a href="#[b1]">DMA4_DMA20_DriverIRQHandler</a> from fsl_edma.o(.text.DMA4_DMA20_DriverIRQHandler) referenced from startup_mimxrt1064.o(.text)
 <LI><a href="#[10]">DMA4_DMA20_IRQHandler</a> from startup_mimxrt1064.o(.text) referenced from startup_mimxrt1064.o(.isr_vector)
 <LI><a href="#[b2]">DMA5_DMA21_DriverIRQHandler</a> from fsl_edma.o(.text.DMA5_DMA21_DriverIRQHandler) referenced from startup_mimxrt1064.o(.text)
 <LI><a href="#[11]">DMA5_DMA21_IRQHandler</a> from startup_mimxrt1064.o(.text) referenced from startup_mimxrt1064.o(.isr_vector)
 <LI><a href="#[b3]">DMA6_DMA22_DriverIRQHandler</a> from fsl_edma.o(.text.DMA6_DMA22_DriverIRQHandler) referenced from startup_mimxrt1064.o(.text)
 <LI><a href="#[12]">DMA6_DMA22_IRQHandler</a> from startup_mimxrt1064.o(.text) referenced from startup_mimxrt1064.o(.isr_vector)
 <LI><a href="#[b4]">DMA7_DMA23_DriverIRQHandler</a> from fsl_edma.o(.text.DMA7_DMA23_DriverIRQHandler) referenced from startup_mimxrt1064.o(.text)
 <LI><a href="#[13]">DMA7_DMA23_IRQHandler</a> from startup_mimxrt1064.o(.text) referenced from startup_mimxrt1064.o(.isr_vector)
 <LI><a href="#[b5]">DMA8_DMA24_DriverIRQHandler</a> from fsl_edma.o(.text.DMA8_DMA24_DriverIRQHandler) referenced from startup_mimxrt1064.o(.text)
 <LI><a href="#[14]">DMA8_DMA24_IRQHandler</a> from startup_mimxrt1064.o(.text) referenced from startup_mimxrt1064.o(.isr_vector)
 <LI><a href="#[b6]">DMA9_DMA25_DriverIRQHandler</a> from fsl_edma.o(.text.DMA9_DMA25_DriverIRQHandler) referenced from startup_mimxrt1064.o(.text)
 <LI><a href="#[15]">DMA9_DMA25_IRQHandler</a> from startup_mimxrt1064.o(.text) referenced from startup_mimxrt1064.o(.isr_vector)
 <LI><a href="#[bd]">DMA_ERROR_DriverIRQHandler</a> from startup_mimxrt1064.o(.text) referenced from startup_mimxrt1064.o(.text)
 <LI><a href="#[1c]">DMA_ERROR_IRQHandler</a> from startup_mimxrt1064.o(.text) referenced from startup_mimxrt1064.o(.isr_vector)
 <LI><a href="#[e6]">DbgConsole_Putchar</a> from fsl_debug_console.o(.text.DbgConsole_Putchar) referenced 2 times from fsl_debug_console.o(.text.DbgConsole_Vprintf)
 <LI><a href="#[9]">DebugMon_Handler</a> from zf_common_vector.o(.text.DebugMon_Handler) referenced from startup_mimxrt1064.o(.isr_vector)
 <LI><a href="#[1]">DefaultISR</a> from startup_mimxrt1064.o(.text) referenced 2 times from fsl_csi.o(.data.s_csiIsr)
 <LI><a href="#[1]">DefaultISR</a> from startup_mimxrt1064.o(.text) referenced 2 times from fsl_flexcan.o(.data.s_flexcanIsr)
 <LI><a href="#[1]">DefaultISR</a> from startup_mimxrt1064.o(.text) referenced 2 times from fsl_lpuart.o(.data.s_lpuartIsr)
 <LI><a href="#[1]">DefaultISR</a> from startup_mimxrt1064.o(.text) referenced 2 times from fsl_usdhc.o(.data.s_usdhcIsr)
 <LI><a href="#[1]">DefaultISR</a> from startup_mimxrt1064.o(.text) referenced 81 times from startup_mimxrt1064.o(.isr_vector)
 <LI><a href="#[8d]">ENC1_IRQHandler</a> from startup_mimxrt1064.o(.text) referenced from startup_mimxrt1064.o(.isr_vector)
 <LI><a href="#[8e]">ENC2_IRQHandler</a> from startup_mimxrt1064.o(.text) referenced from startup_mimxrt1064.o(.isr_vector)
 <LI><a href="#[8f]">ENC3_IRQHandler</a> from startup_mimxrt1064.o(.text) referenced from startup_mimxrt1064.o(.isr_vector)
 <LI><a href="#[90]">ENC4_IRQHandler</a> from startup_mimxrt1064.o(.text) referenced from startup_mimxrt1064.o(.isr_vector)
 <LI><a href="#[de]">ENET2_1588_Timer_DriverIRQHandler</a> from fsl_enet.o(.text.ENET2_1588_Timer_DriverIRQHandler) referenced from startup_mimxrt1064.o(.text)
 <LI><a href="#[a5]">ENET2_1588_Timer_IRQHandler</a> from startup_mimxrt1064.o(.text) referenced from startup_mimxrt1064.o(.isr_vector)
 <LI><a href="#[dd]">ENET2_DriverIRQHandler</a> from fsl_enet.o(.text.ENET2_DriverIRQHandler) referenced from startup_mimxrt1064.o(.text)
 <LI><a href="#[a4]">ENET2_IRQHandler</a> from startup_mimxrt1064.o(.text) referenced from startup_mimxrt1064.o(.isr_vector)
 <LI><a href="#[dc]">ENET_1588_Timer_DriverIRQHandler</a> from fsl_enet.o(.text.ENET_1588_Timer_DriverIRQHandler) referenced from startup_mimxrt1064.o(.text)
 <LI><a href="#[7f]">ENET_1588_Timer_IRQHandler</a> from startup_mimxrt1064.o(.text) referenced from startup_mimxrt1064.o(.isr_vector)
 <LI><a href="#[db]">ENET_DriverIRQHandler</a> from fsl_enet.o(.text.ENET_DriverIRQHandler) referenced from startup_mimxrt1064.o(.text)
 <LI><a href="#[7e]">ENET_IRQHandler</a> from startup_mimxrt1064.o(.text) referenced from startup_mimxrt1064.o(.isr_vector)
 <LI><a href="#[6a]">EWM_IRQHandler</a> from startup_mimxrt1064.o(.text) referenced from startup_mimxrt1064.o(.isr_vector)
 <LI><a href="#[d5]">FLEXIO1_DriverIRQHandler</a> from fsl_flexio.o(.text.FLEXIO1_DriverIRQHandler) referenced from startup_mimxrt1064.o(.text)
 <LI><a href="#[66]">FLEXIO1_IRQHandler</a> from startup_mimxrt1064.o(.text) referenced from startup_mimxrt1064.o(.isr_vector)
 <LI><a href="#[d6]">FLEXIO2_DriverIRQHandler</a> from fsl_flexio.o(.text.FLEXIO2_DriverIRQHandler) referenced from startup_mimxrt1064.o(.text)
 <LI><a href="#[67]">FLEXIO2_IRQHandler</a> from startup_mimxrt1064.o(.text) referenced from startup_mimxrt1064.o(.isr_vector)
 <LI><a href="#[e0]">FLEXIO3_DriverIRQHandler</a> from fsl_flexio.o(.text.FLEXIO3_DriverIRQHandler) referenced from startup_mimxrt1064.o(.text)
 <LI><a href="#[a8]">FLEXIO3_IRQHandler</a> from startup_mimxrt1064.o(.text) referenced from startup_mimxrt1064.o(.isr_vector)
 <LI><a href="#[32]">FLEXRAM_IRQHandler</a> from startup_mimxrt1064.o(.text) referenced from startup_mimxrt1064.o(.isr_vector)
 <LI><a href="#[d7]">FLEXSPI2_DriverIRQHandler</a> from startup_mimxrt1064.o(.text) referenced from startup_mimxrt1064.o(.text)
 <LI><a href="#[77]">FLEXSPI2_IRQHandler</a> from startup_mimxrt1064.o(.text) referenced from startup_mimxrt1064.o(.isr_vector)
 <LI><a href="#[d8]">FLEXSPI_DriverIRQHandler</a> from startup_mimxrt1064.o(.text) referenced from startup_mimxrt1064.o(.text)
 <LI><a href="#[78]">FLEXSPI_IRQHandler</a> from startup_mimxrt1064.o(.text) referenced from startup_mimxrt1064.o(.isr_vector)
 <LI><a href="#[6d]">GPC_IRQHandler</a> from startup_mimxrt1064.o(.text) referenced from startup_mimxrt1064.o(.isr_vector)
 <LI><a href="#[53]">GPIO10_IRQHandler</a> from startup_mimxrt1064.o(.text) referenced from startup_mimxrt1064.o(.isr_vector)
 <LI><a href="#[5c]">GPIO1_Combined_0_15_IRQHandler</a> from isr.o(.text.GPIO1_Combined_0_15_IRQHandler) referenced from startup_mimxrt1064.o(.isr_vector)
 <LI><a href="#[5d]">GPIO1_Combined_16_31_IRQHandler</a> from isr.o(.text.GPIO1_Combined_16_31_IRQHandler) referenced from startup_mimxrt1064.o(.isr_vector)
 <LI><a href="#[54]">GPIO1_INT0_IRQHandler</a> from startup_mimxrt1064.o(.text) referenced from startup_mimxrt1064.o(.isr_vector)
 <LI><a href="#[55]">GPIO1_INT1_IRQHandler</a> from startup_mimxrt1064.o(.text) referenced from startup_mimxrt1064.o(.isr_vector)
 <LI><a href="#[56]">GPIO1_INT2_IRQHandler</a> from startup_mimxrt1064.o(.text) referenced from startup_mimxrt1064.o(.isr_vector)
 <LI><a href="#[57]">GPIO1_INT3_IRQHandler</a> from startup_mimxrt1064.o(.text) referenced from startup_mimxrt1064.o(.isr_vector)
 <LI><a href="#[58]">GPIO1_INT4_IRQHandler</a> from startup_mimxrt1064.o(.text) referenced from startup_mimxrt1064.o(.isr_vector)
 <LI><a href="#[59]">GPIO1_INT5_IRQHandler</a> from startup_mimxrt1064.o(.text) referenced from startup_mimxrt1064.o(.isr_vector)
 <LI><a href="#[5a]">GPIO1_INT6_IRQHandler</a> from startup_mimxrt1064.o(.text) referenced from startup_mimxrt1064.o(.isr_vector)
 <LI><a href="#[5b]">GPIO1_INT7_IRQHandler</a> from startup_mimxrt1064.o(.text) referenced from startup_mimxrt1064.o(.isr_vector)
 <LI><a href="#[5e]">GPIO2_Combined_0_15_IRQHandler</a> from isr.o(.text.GPIO2_Combined_0_15_IRQHandler) referenced from startup_mimxrt1064.o(.isr_vector)
 <LI><a href="#[5f]">GPIO2_Combined_16_31_IRQHandler</a> from isr.o(.text.GPIO2_Combined_16_31_IRQHandler) referenced from startup_mimxrt1064.o(.isr_vector)
 <LI><a href="#[60]">GPIO3_Combined_0_15_IRQHandler</a> from isr.o(.text.GPIO3_Combined_0_15_IRQHandler) referenced from startup_mimxrt1064.o(.isr_vector)
 <LI><a href="#[61]">GPIO3_Combined_16_31_IRQHandler</a> from startup_mimxrt1064.o(.text) referenced from startup_mimxrt1064.o(.isr_vector)
 <LI><a href="#[62]">GPIO4_Combined_0_15_IRQHandler</a> from startup_mimxrt1064.o(.text) referenced from startup_mimxrt1064.o(.isr_vector)
 <LI><a href="#[63]">GPIO4_Combined_16_31_IRQHandler</a> from startup_mimxrt1064.o(.text) referenced from startup_mimxrt1064.o(.isr_vector)
 <LI><a href="#[64]">GPIO5_Combined_0_15_IRQHandler</a> from startup_mimxrt1064.o(.text) referenced from startup_mimxrt1064.o(.isr_vector)
 <LI><a href="#[65]">GPIO5_Combined_16_31_IRQHandler</a> from startup_mimxrt1064.o(.text) referenced from startup_mimxrt1064.o(.isr_vector)
 <LI><a href="#[a9]">GPIO6_7_8_9_IRQHandler</a> from startup_mimxrt1064.o(.text) referenced from startup_mimxrt1064.o(.isr_vector)
 <LI><a href="#[35]">GPR_IRQ_IRQHandler</a> from startup_mimxrt1064.o(.text) referenced from startup_mimxrt1064.o(.isr_vector)
 <LI><a href="#[70]">GPT1_IRQHandler</a> from startup_mimxrt1064.o(.text) referenced from startup_mimxrt1064.o(.isr_vector)
 <LI><a href="#[71]">GPT2_IRQHandler</a> from startup_mimxrt1064.o(.text) referenced from startup_mimxrt1064.o(.isr_vector)
 <LI><a href="#[4]">HardFault_Handler</a> from zf_common_vector.o(.text.HardFault_Handler) referenced from startup_mimxrt1064.o(.isr_vector)
 <LI><a href="#[4]">HardFault_Handler</a> from zf_common_vector.o(.text.HardFault_Handler) referenced from startup_mimxrt1064.o(.text)
 <LI><a href="#[33]">KPP_IRQHandler</a> from startup_mimxrt1064.o(.text) referenced from startup_mimxrt1064.o(.isr_vector)
 <LI><a href="#[36]">LCDIF_IRQHandler</a> from startup_mimxrt1064.o(.text) referenced from startup_mimxrt1064.o(.isr_vector)
 <LI><a href="#[c6]">LPI2C1_DriverIRQHandler</a> from fsl_lpi2c.o(.text.LPI2C1_DriverIRQHandler) referenced from startup_mimxrt1064.o(.text)
 <LI><a href="#[28]">LPI2C1_IRQHandler</a> from startup_mimxrt1064.o(.text) referenced from startup_mimxrt1064.o(.isr_vector)
 <LI><a href="#[c7]">LPI2C2_DriverIRQHandler</a> from fsl_lpi2c.o(.text.LPI2C2_DriverIRQHandler) referenced from startup_mimxrt1064.o(.text)
 <LI><a href="#[29]">LPI2C2_IRQHandler</a> from startup_mimxrt1064.o(.text) referenced from startup_mimxrt1064.o(.isr_vector)
 <LI><a href="#[c8]">LPI2C3_DriverIRQHandler</a> from fsl_lpi2c.o(.text.LPI2C3_DriverIRQHandler) referenced from startup_mimxrt1064.o(.text)
 <LI><a href="#[2a]">LPI2C3_IRQHandler</a> from startup_mimxrt1064.o(.text) referenced from startup_mimxrt1064.o(.isr_vector)
 <LI><a href="#[c9]">LPI2C4_DriverIRQHandler</a> from fsl_lpi2c.o(.text.LPI2C4_DriverIRQHandler) referenced from startup_mimxrt1064.o(.text)
 <LI><a href="#[2b]">LPI2C4_IRQHandler</a> from startup_mimxrt1064.o(.text) referenced from startup_mimxrt1064.o(.isr_vector)
 <LI><a href="#[ca]">LPSPI1_DriverIRQHandler</a> from fsl_lpspi.o(.text.LPSPI1_DriverIRQHandler) referenced from startup_mimxrt1064.o(.text)
 <LI><a href="#[2c]">LPSPI1_IRQHandler</a> from startup_mimxrt1064.o(.text) referenced from startup_mimxrt1064.o(.isr_vector)
 <LI><a href="#[cb]">LPSPI2_DriverIRQHandler</a> from fsl_lpspi.o(.text.LPSPI2_DriverIRQHandler) referenced from startup_mimxrt1064.o(.text)
 <LI><a href="#[2d]">LPSPI2_IRQHandler</a> from startup_mimxrt1064.o(.text) referenced from startup_mimxrt1064.o(.isr_vector)
 <LI><a href="#[cc]">LPSPI3_DriverIRQHandler</a> from fsl_lpspi.o(.text.LPSPI3_DriverIRQHandler) referenced from startup_mimxrt1064.o(.text)
 <LI><a href="#[2e]">LPSPI3_IRQHandler</a> from startup_mimxrt1064.o(.text) referenced from startup_mimxrt1064.o(.isr_vector)
 <LI><a href="#[cd]">LPSPI4_DriverIRQHandler</a> from fsl_lpspi.o(.text.LPSPI4_DriverIRQHandler) referenced from startup_mimxrt1064.o(.text)
 <LI><a href="#[2f]">LPSPI4_IRQHandler</a> from startup_mimxrt1064.o(.text) referenced from startup_mimxrt1064.o(.isr_vector)
 <LI><a href="#[be]">LPUART1_DriverIRQHandler</a> from fsl_lpuart.o(.text.LPUART1_DriverIRQHandler) referenced from startup_mimxrt1064.o(.text)
 <LI><a href="#[20]">LPUART1_IRQHandler</a> from isr.o(.text.LPUART1_IRQHandler) referenced from startup_mimxrt1064.o(.isr_vector)
 <LI><a href="#[bf]">LPUART2_DriverIRQHandler</a> from fsl_lpuart.o(.text.LPUART2_DriverIRQHandler) referenced from startup_mimxrt1064.o(.text)
 <LI><a href="#[21]">LPUART2_IRQHandler</a> from isr.o(.text.LPUART2_IRQHandler) referenced from startup_mimxrt1064.o(.isr_vector)
 <LI><a href="#[c0]">LPUART3_DriverIRQHandler</a> from fsl_lpuart.o(.text.LPUART3_DriverIRQHandler) referenced from startup_mimxrt1064.o(.text)
 <LI><a href="#[22]">LPUART3_IRQHandler</a> from isr.o(.text.LPUART3_IRQHandler) referenced from startup_mimxrt1064.o(.isr_vector)
 <LI><a href="#[c1]">LPUART4_DriverIRQHandler</a> from fsl_lpuart.o(.text.LPUART4_DriverIRQHandler) referenced from startup_mimxrt1064.o(.text)
 <LI><a href="#[23]">LPUART4_IRQHandler</a> from isr.o(.text.LPUART4_IRQHandler) referenced from startup_mimxrt1064.o(.isr_vector)
 <LI><a href="#[c2]">LPUART5_DriverIRQHandler</a> from fsl_lpuart.o(.text.LPUART5_DriverIRQHandler) referenced from startup_mimxrt1064.o(.text)
 <LI><a href="#[24]">LPUART5_IRQHandler</a> from isr.o(.text.LPUART5_IRQHandler) referenced from startup_mimxrt1064.o(.isr_vector)
 <LI><a href="#[c3]">LPUART6_DriverIRQHandler</a> from fsl_lpuart.o(.text.LPUART6_DriverIRQHandler) referenced from startup_mimxrt1064.o(.text)
 <LI><a href="#[25]">LPUART6_IRQHandler</a> from isr.o(.text.LPUART6_IRQHandler) referenced from startup_mimxrt1064.o(.isr_vector)
 <LI><a href="#[c4]">LPUART7_DriverIRQHandler</a> from fsl_lpuart.o(.text.LPUART7_DriverIRQHandler) referenced from startup_mimxrt1064.o(.text)
 <LI><a href="#[26]">LPUART7_IRQHandler</a> from startup_mimxrt1064.o(.text) referenced from startup_mimxrt1064.o(.isr_vector)
 <LI><a href="#[c5]">LPUART8_DriverIRQHandler</a> from fsl_lpuart.o(.text.LPUART8_DriverIRQHandler) referenced from startup_mimxrt1064.o(.text)
 <LI><a href="#[27]">LPUART8_IRQHandler</a> from isr.o(.text.LPUART8_IRQHandler) referenced from startup_mimxrt1064.o(.isr_vector)
 <LI><a href="#[5]">MemManage_Handler</a> from zf_common_vector.o(.text.MemManage_Handler) referenced from startup_mimxrt1064.o(.isr_vector)
 <LI><a href="#[3]">NMI_Handler</a> from zf_common_vector.o(.text.NMI_Handler) referenced from startup_mimxrt1064.o(.isr_vector)
 <LI><a href="#[3]">NMI_Handler</a> from zf_common_vector.o(.text.NMI_Handler) referenced from startup_mimxrt1064.o(.text)
 <LI><a href="#[86]">PIT_IRQHandler</a> from isr.o(.text.PIT_IRQHandler) referenced from startup_mimxrt1064.o(.isr_vector)
 <LI><a href="#[49]">PMU_EVENT_IRQHandler</a> from startup_mimxrt1064.o(.text) referenced from startup_mimxrt1064.o(.isr_vector)
 <LI><a href="#[72]">PWM1_0_IRQHandler</a> from startup_mimxrt1064.o(.text) referenced from startup_mimxrt1064.o(.isr_vector)
 <LI><a href="#[73]">PWM1_1_IRQHandler</a> from startup_mimxrt1064.o(.text) referenced from startup_mimxrt1064.o(.isr_vector)
 <LI><a href="#[74]">PWM1_2_IRQHandler</a> from startup_mimxrt1064.o(.text) referenced from startup_mimxrt1064.o(.isr_vector)
 <LI><a href="#[75]">PWM1_3_IRQHandler</a> from startup_mimxrt1064.o(.text) referenced from startup_mimxrt1064.o(.isr_vector)
 <LI><a href="#[76]">PWM1_FAULT_IRQHandler</a> from startup_mimxrt1064.o(.text) referenced from startup_mimxrt1064.o(.isr_vector)
 <LI><a href="#[95]">PWM2_0_IRQHandler</a> from startup_mimxrt1064.o(.text) referenced from startup_mimxrt1064.o(.isr_vector)
 <LI><a href="#[96]">PWM2_1_IRQHandler</a> from startup_mimxrt1064.o(.text) referenced from startup_mimxrt1064.o(.isr_vector)
 <LI><a href="#[97]">PWM2_2_IRQHandler</a> from startup_mimxrt1064.o(.text) referenced from startup_mimxrt1064.o(.isr_vector)
 <LI><a href="#[98]">PWM2_3_IRQHandler</a> from startup_mimxrt1064.o(.text) referenced from startup_mimxrt1064.o(.isr_vector)
 <LI><a href="#[99]">PWM2_FAULT_IRQHandler</a> from startup_mimxrt1064.o(.text) referenced from startup_mimxrt1064.o(.isr_vector)
 <LI><a href="#[9a]">PWM3_0_IRQHandler</a> from startup_mimxrt1064.o(.text) referenced from startup_mimxrt1064.o(.isr_vector)
 <LI><a href="#[9b]">PWM3_1_IRQHandler</a> from startup_mimxrt1064.o(.text) referenced from startup_mimxrt1064.o(.isr_vector)
 <LI><a href="#[9c]">PWM3_2_IRQHandler</a> from startup_mimxrt1064.o(.text) referenced from startup_mimxrt1064.o(.isr_vector)
 <LI><a href="#[9d]">PWM3_3_IRQHandler</a> from startup_mimxrt1064.o(.text) referenced from startup_mimxrt1064.o(.isr_vector)
 <LI><a href="#[9e]">PWM3_FAULT_IRQHandler</a> from startup_mimxrt1064.o(.text) referenced from startup_mimxrt1064.o(.isr_vector)
 <LI><a href="#[9f]">PWM4_0_IRQHandler</a> from startup_mimxrt1064.o(.text) referenced from startup_mimxrt1064.o(.isr_vector)
 <LI><a href="#[a0]">PWM4_1_IRQHandler</a> from startup_mimxrt1064.o(.text) referenced from startup_mimxrt1064.o(.isr_vector)
 <LI><a href="#[a1]">PWM4_2_IRQHandler</a> from startup_mimxrt1064.o(.text) referenced from startup_mimxrt1064.o(.isr_vector)
 <LI><a href="#[a2]">PWM4_3_IRQHandler</a> from startup_mimxrt1064.o(.text) referenced from startup_mimxrt1064.o(.isr_vector)
 <LI><a href="#[a3]">PWM4_FAULT_IRQHandler</a> from startup_mimxrt1064.o(.text) referenced from startup_mimxrt1064.o(.isr_vector)
 <LI><a href="#[38]">PXP_IRQHandler</a> from startup_mimxrt1064.o(.text) referenced from startup_mimxrt1064.o(.isr_vector)
 <LI><a href="#[a]">PendSV_Handler</a> from zf_common_vector.o(.text.PendSV_Handler) referenced from startup_mimxrt1064.o(.isr_vector)
 <LI><a href="#[a]">PendSV_Handler</a> from zf_common_vector.o(.text.PendSV_Handler) referenced from startup_mimxrt1064.o(.text)
 <LI><a href="#[69]">RTWDOG_IRQHandler</a> from startup_mimxrt1064.o(.text) referenced from startup_mimxrt1064.o(.isr_vector)
 <LI><a href="#[6f]">Reserved115_IRQHandler</a> from startup_mimxrt1064.o(.text) referenced from startup_mimxrt1064.o(.isr_vector)
 <LI><a href="#[8b]">Reserved143_IRQHandler</a> from startup_mimxrt1064.o(.text) referenced from startup_mimxrt1064.o(.isr_vector)
 <LI><a href="#[8c]">Reserved144_IRQHandler</a> from startup_mimxrt1064.o(.text) referenced from startup_mimxrt1064.o(.isr_vector)
 <LI><a href="#[a7]">Reserved171_IRQHandler</a> from startup_mimxrt1064.o(.text) referenced from startup_mimxrt1064.o(.isr_vector)
 <LI><a href="#[40]">Reserved68_IRQHandler</a> from startup_mimxrt1064.o(.text) referenced from startup_mimxrt1064.o(.isr_vector)
 <LI><a href="#[4a]">Reserved78_IRQHandler</a> from startup_mimxrt1064.o(.text) referenced from startup_mimxrt1064.o(.isr_vector)
 <LI><a href="#[52]">Reserved86_IRQHandler</a> from startup_mimxrt1064.o(.text) referenced from startup_mimxrt1064.o(.isr_vector)
 <LI><a href="#[2]">Reset_Handler</a> from startup_mimxrt1064.o(.text) referenced from startup_mimxrt1064.o(.isr_vector)
 <LI><a href="#[d0]">SAI1_DriverIRQHandler</a> from fsl_sai.o(.text.SAI1_DriverIRQHandler) referenced from startup_mimxrt1064.o(.text)
 <LI><a href="#[44]">SAI1_IRQHandler</a> from startup_mimxrt1064.o(.text) referenced from startup_mimxrt1064.o(.isr_vector)
 <LI><a href="#[d1]">SAI2_DriverIRQHandler</a> from fsl_sai.o(.text.SAI2_DriverIRQHandler) referenced from startup_mimxrt1064.o(.text)
 <LI><a href="#[45]">SAI2_IRQHandler</a> from startup_mimxrt1064.o(.text) referenced from startup_mimxrt1064.o(.isr_vector)
 <LI><a href="#[d2]">SAI3_RX_DriverIRQHandler</a> from fsl_sai.o(.text.SAI3_RX_DriverIRQHandler) referenced from startup_mimxrt1064.o(.text)
 <LI><a href="#[46]">SAI3_RX_IRQHandler</a> from startup_mimxrt1064.o(.text) referenced from startup_mimxrt1064.o(.isr_vector)
 <LI><a href="#[d3]">SAI3_TX_DriverIRQHandler</a> from fsl_sai.o(.text.SAI3_TX_DriverIRQHandler) referenced from startup_mimxrt1064.o(.text)
 <LI><a href="#[47]">SAI3_TX_IRQHandler</a> from startup_mimxrt1064.o(.text) referenced from startup_mimxrt1064.o(.isr_vector)
 <LI><a href="#[79]">SEMC_IRQHandler</a> from startup_mimxrt1064.o(.text) referenced from startup_mimxrt1064.o(.isr_vector)
 <LI><a href="#[42]">SJC_IRQHandler</a> from startup_mimxrt1064.o(.text) referenced from startup_mimxrt1064.o(.isr_vector)
 <LI><a href="#[3a]">SNVS_HP_WRAPPER_IRQHandler</a> from startup_mimxrt1064.o(.text) referenced from startup_mimxrt1064.o(.isr_vector)
 <LI><a href="#[3b]">SNVS_HP_WRAPPER_TZ_IRQHandler</a> from startup_mimxrt1064.o(.text) referenced from startup_mimxrt1064.o(.isr_vector)
 <LI><a href="#[3c]">SNVS_LP_WRAPPER_IRQHandler</a> from startup_mimxrt1064.o(.text) referenced from startup_mimxrt1064.o(.isr_vector)
 <LI><a href="#[d4]">SPDIF_DriverIRQHandler</a> from fsl_spdif.o(.text.SPDIF_DriverIRQHandler) referenced from startup_mimxrt1064.o(.text)
 <LI><a href="#[48]">SPDIF_IRQHandler</a> from startup_mimxrt1064.o(.text) referenced from startup_mimxrt1064.o(.isr_vector)
 <LI><a href="#[6e]">SRC_IRQHandler</a> from startup_mimxrt1064.o(.text) referenced from startup_mimxrt1064.o(.isr_vector)
 <LI><a href="#[8]">SVC_Handler</a> from zf_common_vector.o(.text.SVC_Handler) referenced from startup_mimxrt1064.o(.isr_vector)
 <LI><a href="#[8]">SVC_Handler</a> from zf_common_vector.o(.text.SVC_Handler) referenced from startup_mimxrt1064.o(.text)
 <LI><a href="#[b]">SysTick_Handler</a> from startup_mimxrt1064.o(.text) referenced from startup_mimxrt1064.o(.isr_vector)
 <LI><a href="#[b]">SysTick_Handler</a> from startup_mimxrt1064.o(.text) referenced from startup_mimxrt1064.o(.text)
 <LI><a href="#[ab]">SystemInit</a> from system_mimxrt1064.o(.text.SystemInit) referenced from startup_mimxrt1064.o(.text)
 <LI><a href="#[4b]">TEMP_LOW_HIGH_IRQHandler</a> from startup_mimxrt1064.o(.text) referenced from startup_mimxrt1064.o(.isr_vector)
 <LI><a href="#[4c]">TEMP_PANIC_IRQHandler</a> from startup_mimxrt1064.o(.text) referenced from startup_mimxrt1064.o(.isr_vector)
 <LI><a href="#[91]">TMR1_IRQHandler</a> from startup_mimxrt1064.o(.text) referenced from startup_mimxrt1064.o(.isr_vector)
 <LI><a href="#[92]">TMR2_IRQHandler</a> from startup_mimxrt1064.o(.text) referenced from startup_mimxrt1064.o(.isr_vector)
 <LI><a href="#[93]">TMR3_IRQHandler</a> from startup_mimxrt1064.o(.text) referenced from startup_mimxrt1064.o(.isr_vector)
 <LI><a href="#[94]">TMR4_IRQHandler</a> from startup_mimxrt1064.o(.text) referenced from startup_mimxrt1064.o(.isr_vector)
 <LI><a href="#[41]">TRNG_IRQHandler</a> from startup_mimxrt1064.o(.text) referenced from startup_mimxrt1064.o(.isr_vector)
 <LI><a href="#[34]">TSC_DIG_IRQHandler</a> from startup_mimxrt1064.o(.text) referenced from startup_mimxrt1064.o(.isr_vector)
 <LI><a href="#[7d]">USB_OTG1_IRQHandler</a> from zf_driver_usb_cdc.o(.text.USB_OTG1_IRQHandler) referenced from startup_mimxrt1064.o(.isr_vector)
 <LI><a href="#[7c]">USB_OTG2_IRQHandler</a> from zf_driver_usb_cdc.o(.text.USB_OTG2_IRQHandler) referenced from startup_mimxrt1064.o(.isr_vector)
 <LI><a href="#[4d]">USB_PHY1_IRQHandler</a> from startup_mimxrt1064.o(.text) referenced from startup_mimxrt1064.o(.isr_vector)
 <LI><a href="#[4e]">USB_PHY2_IRQHandler</a> from startup_mimxrt1064.o(.text) referenced from startup_mimxrt1064.o(.isr_vector)
 <LI><a href="#[d9]">USDHC1_DriverIRQHandler</a> from fsl_usdhc.o(.text.USDHC1_DriverIRQHandler) referenced from startup_mimxrt1064.o(.text)
 <LI><a href="#[7a]">USDHC1_IRQHandler</a> from startup_mimxrt1064.o(.text) referenced from startup_mimxrt1064.o(.isr_vector)
 <LI><a href="#[da]">USDHC2_DriverIRQHandler</a> from fsl_usdhc.o(.text.USDHC2_DriverIRQHandler) referenced from startup_mimxrt1064.o(.text)
 <LI><a href="#[7b]">USDHC2_IRQHandler</a> from startup_mimxrt1064.o(.text) referenced from startup_mimxrt1064.o(.isr_vector)
 <LI><a href="#[7]">UsageFault_Handler</a> from zf_common_vector.o(.text.UsageFault_Handler) referenced from startup_mimxrt1064.o(.isr_vector)
 <LI><a href="#[68]">WDOG1_IRQHandler</a> from startup_mimxrt1064.o(.text) referenced from startup_mimxrt1064.o(.isr_vector)
 <LI><a href="#[39]">WDOG2_IRQHandler</a> from startup_mimxrt1064.o(.text) referenced from startup_mimxrt1064.o(.isr_vector)
 <LI><a href="#[80]">XBAR1_IRQ_0_1_IRQHandler</a> from startup_mimxrt1064.o(.text) referenced from startup_mimxrt1064.o(.isr_vector)
 <LI><a href="#[81]">XBAR1_IRQ_2_3_IRQHandler</a> from startup_mimxrt1064.o(.text) referenced from startup_mimxrt1064.o(.isr_vector)
 <LI><a href="#[ac]">__main</a> from entry.o(.ARM.Collect$$$$00000000) referenced from startup_mimxrt1064.o(.text)
 <LI><a href="#[e2]">_sbackspace</a> from _sgetc.o(.text) referenced from sscanf.o(.text)
 <LI><a href="#[e3]">_scanf_char_input</a> from scanf_char.o(.text) referenced from scanf_char.o(.text)
 <LI><a href="#[e1]">_sgetc</a> from _sgetc.o(.text) referenced from sscanf.o(.text)
 <LI><a href="#[ec]">_sputc</a> from printfa.o(i._sputc) referenced from printfa.o(i.__0sprintf)
 <LI><a href="#[e7]">debug_uart_str_output</a> from zf_common_debug.o(.text.debug_uart_str_output) referenced 2 times from zf_common_debug.o(.text.debug_init)
 <LI><a href="#[e9]">ips200_clear</a> from zf_device_ips200.o(.text.ips200_clear) referenced 2 times from zf_device_ips200.o(.text.ips200_debug_init)
 <LI><a href="#[e8]">ips200_show_string</a> from zf_device_ips200.o(.text.ips200_show_string) referenced 2 times from zf_device_ips200.o(.text.ips200_debug_init)
 <LI><a href="#[e4]">isspace</a> from isspace_c.o(.text) referenced from scanf_char.o(.text)
 <LI><a href="#[aa]">main</a> from main.o(.text.main) referenced from entry9a.o(.ARM.Collect$$$$0000000B)
 <LI><a href="#[eb]">mt9v03x_finished_callback</a> from zf_device_mt9v03x.o(.text.mt9v03x_finished_callback) referenced 2 times from zf_device_mt9v03x.o(.text.mt9v03x_init)
 <LI><a href="#[ea]">mt9v03x_uart_callback</a> from zf_device_mt9v03x.o(.text.mt9v03x_uart_callback) referenced 2 times from zf_device_mt9v03x.o(.text.mt9v03x_init)
 <LI><a href="#[0]">type_default_callback</a> from zf_device_type.o(.text.type_default_callback) referenced 2 times from zf_device_type.o(.data.camera_uart_handler)
 <LI><a href="#[0]">type_default_callback</a> from zf_device_type.o(.text.type_default_callback) referenced 2 times from zf_device_type.o(.data.flexio_camera_vsync_handler)
 <LI><a href="#[0]">type_default_callback</a> from zf_device_type.o(.text.type_default_callback) referenced 2 times from zf_device_type.o(.data.tof_module_exti_handler)
 <LI><a href="#[0]">type_default_callback</a> from zf_device_type.o(.text.type_default_callback) referenced 2 times from zf_device_type.o(.data.wireless_module_spi_handler)
 <LI><a href="#[0]">type_default_callback</a> from zf_device_type.o(.text.type_default_callback) referenced 2 times from zf_device_type.o(.data.wireless_module_uart_handler)
 <LI><a href="#[0]">type_default_callback</a> from zf_device_type.o(.text.type_default_callback) referenced 2 times from zf_device_type.o(.text.set_camera_type)
</UL>
<P>
<H3>
Global Symbols
</H3>
<P><STRONG><a name="[ac]"></a>__main</STRONG> (Thumb, 0 bytes, Stack size unknown bytes, entry.o(.ARM.Collect$$$$00000000))
<BR>[Address Reference Count : 1]<UL><LI> startup_mimxrt1064.o(.text)
</UL>
<P><STRONG><a name="[304]"></a>_main_stk</STRONG> (Thumb, 0 bytes, Stack size unknown bytes, entry4.o(.ARM.Collect$$$$00000003))

<P><STRONG><a name="[300]"></a>_main_scatterload</STRONG> (Thumb, 0 bytes, Stack size unknown bytes, entry5.o(.ARM.Collect$$$$00000004))
<BR><BR>[Calls]<UL><LI><a href="#[301]">&gt;&gt;</a>&nbsp;&nbsp;&nbsp;__scatterload
</UL>

<P><STRONG><a name="[302]"></a>__main_after_scatterload</STRONG> (Thumb, 0 bytes, Stack size unknown bytes, entry5.o(.ARM.Collect$$$$00000004))
<BR><BR>[Called By]<UL><LI><a href="#[301]">&gt;&gt;</a>&nbsp;&nbsp;&nbsp;__scatterload
</UL>

<P><STRONG><a name="[305]"></a>_main_clock</STRONG> (Thumb, 0 bytes, Stack size unknown bytes, entry7b.o(.ARM.Collect$$$$00000008))

<P><STRONG><a name="[306]"></a>_main_cpp_init</STRONG> (Thumb, 0 bytes, Stack size unknown bytes, entry8b.o(.ARM.Collect$$$$0000000A))

<P><STRONG><a name="[307]"></a>_main_init</STRONG> (Thumb, 0 bytes, Stack size unknown bytes, entry9a.o(.ARM.Collect$$$$0000000B))

<P><STRONG><a name="[308]"></a>__rt_final_cpp</STRONG> (Thumb, 0 bytes, Stack size unknown bytes, entry10a.o(.ARM.Collect$$$$0000000D))

<P><STRONG><a name="[309]"></a>__rt_final_exit</STRONG> (Thumb, 0 bytes, Stack size unknown bytes, entry11a.o(.ARM.Collect$$$$0000000F))

<P><STRONG><a name="[2]"></a>Reset_Handler</STRONG> (Thumb, 104 bytes, Stack size unknown bytes, startup_mimxrt1064.o(.text))
<BR>[Address Reference Count : 1]<UL><LI> startup_mimxrt1064.o(.isr_vector)
</UL>
<P><STRONG><a name="[87]"></a>ACMP1_IRQHandler</STRONG> (Thumb, 4 bytes, Stack size unknown bytes, startup_mimxrt1064.o(.text))
<BR><BR>[Calls]<UL><LI><a href="#[1]">&gt;&gt;</a>&nbsp;&nbsp;&nbsp;DefaultISR
</UL>
<BR>[Address Reference Count : 1]<UL><LI> startup_mimxrt1064.o(.isr_vector)
</UL>
<P><STRONG><a name="[88]"></a>ACMP2_IRQHandler</STRONG> (Thumb, 4 bytes, Stack size unknown bytes, startup_mimxrt1064.o(.text))
<BR>[Address Reference Count : 1]<UL><LI> startup_mimxrt1064.o(.isr_vector)
</UL>
<P><STRONG><a name="[89]"></a>ACMP3_IRQHandler</STRONG> (Thumb, 4 bytes, Stack size unknown bytes, startup_mimxrt1064.o(.text))
<BR>[Address Reference Count : 1]<UL><LI> startup_mimxrt1064.o(.isr_vector)
</UL>
<P><STRONG><a name="[8a]"></a>ACMP4_IRQHandler</STRONG> (Thumb, 4 bytes, Stack size unknown bytes, startup_mimxrt1064.o(.text))
<BR>[Address Reference Count : 1]<UL><LI> startup_mimxrt1064.o(.isr_vector)
</UL>
<P><STRONG><a name="[4f]"></a>ADC1_IRQHandler</STRONG> (Thumb, 4 bytes, Stack size unknown bytes, startup_mimxrt1064.o(.text))
<BR>[Address Reference Count : 1]<UL><LI> startup_mimxrt1064.o(.isr_vector)
</UL>
<P><STRONG><a name="[50]"></a>ADC2_IRQHandler</STRONG> (Thumb, 4 bytes, Stack size unknown bytes, startup_mimxrt1064.o(.text))
<BR>[Address Reference Count : 1]<UL><LI> startup_mimxrt1064.o(.isr_vector)
</UL>
<P><STRONG><a name="[85]"></a>ADC_ETC_ERROR_IRQ_IRQHandler</STRONG> (Thumb, 4 bytes, Stack size unknown bytes, startup_mimxrt1064.o(.text))
<BR>[Address Reference Count : 1]<UL><LI> startup_mimxrt1064.o(.isr_vector)
</UL>
<P><STRONG><a name="[82]"></a>ADC_ETC_IRQ0_IRQHandler</STRONG> (Thumb, 4 bytes, Stack size unknown bytes, startup_mimxrt1064.o(.text))
<BR>[Address Reference Count : 1]<UL><LI> startup_mimxrt1064.o(.isr_vector)
</UL>
<P><STRONG><a name="[83]"></a>ADC_ETC_IRQ1_IRQHandler</STRONG> (Thumb, 4 bytes, Stack size unknown bytes, startup_mimxrt1064.o(.text))
<BR>[Address Reference Count : 1]<UL><LI> startup_mimxrt1064.o(.isr_vector)
</UL>
<P><STRONG><a name="[84]"></a>ADC_ETC_IRQ2_IRQHandler</STRONG> (Thumb, 4 bytes, Stack size unknown bytes, startup_mimxrt1064.o(.text))
<BR>[Address Reference Count : 1]<UL><LI> startup_mimxrt1064.o(.isr_vector)
</UL>
<P><STRONG><a name="[43]"></a>BEE_IRQHandler</STRONG> (Thumb, 4 bytes, Stack size unknown bytes, startup_mimxrt1064.o(.text))
<BR>[Address Reference Count : 1]<UL><LI> startup_mimxrt1064.o(.isr_vector)
</UL>
<P><STRONG><a name="[6b]"></a>CCM_1_IRQHandler</STRONG> (Thumb, 4 bytes, Stack size unknown bytes, startup_mimxrt1064.o(.text))
<BR>[Address Reference Count : 1]<UL><LI> startup_mimxrt1064.o(.isr_vector)
</UL>
<P><STRONG><a name="[6c]"></a>CCM_2_IRQHandler</STRONG> (Thumb, 4 bytes, Stack size unknown bytes, startup_mimxrt1064.o(.text))
<BR>[Address Reference Count : 1]<UL><LI> startup_mimxrt1064.o(.isr_vector)
</UL>
<P><STRONG><a name="[1f]"></a>CORE_IRQHandler</STRONG> (Thumb, 4 bytes, Stack size unknown bytes, startup_mimxrt1064.o(.text))
<BR>[Address Reference Count : 1]<UL><LI> startup_mimxrt1064.o(.isr_vector)
</UL>
<P><STRONG><a name="[3d]"></a>CSU_IRQHandler</STRONG> (Thumb, 4 bytes, Stack size unknown bytes, startup_mimxrt1064.o(.text))
<BR>[Address Reference Count : 1]<UL><LI> startup_mimxrt1064.o(.isr_vector)
</UL>
<P><STRONG><a name="[1d]"></a>CTI0_ERROR_IRQHandler</STRONG> (Thumb, 4 bytes, Stack size unknown bytes, startup_mimxrt1064.o(.text))
<BR>[Address Reference Count : 1]<UL><LI> startup_mimxrt1064.o(.isr_vector)
</UL>
<P><STRONG><a name="[1e]"></a>CTI1_ERROR_IRQHandler</STRONG> (Thumb, 4 bytes, Stack size unknown bytes, startup_mimxrt1064.o(.text))
<BR>[Address Reference Count : 1]<UL><LI> startup_mimxrt1064.o(.isr_vector)
</UL>
<P><STRONG><a name="[51]"></a>DCDC_IRQHandler</STRONG> (Thumb, 4 bytes, Stack size unknown bytes, startup_mimxrt1064.o(.text))
<BR>[Address Reference Count : 1]<UL><LI> startup_mimxrt1064.o(.isr_vector)
</UL>
<P><STRONG><a name="[3e]"></a>DCP_IRQHandler</STRONG> (Thumb, 4 bytes, Stack size unknown bytes, startup_mimxrt1064.o(.text))
<BR>[Address Reference Count : 1]<UL><LI> startup_mimxrt1064.o(.isr_vector)
</UL>
<P><STRONG><a name="[3f]"></a>DCP_VMI_IRQHandler</STRONG> (Thumb, 4 bytes, Stack size unknown bytes, startup_mimxrt1064.o(.text))
<BR>[Address Reference Count : 1]<UL><LI> startup_mimxrt1064.o(.isr_vector)
</UL>
<P><STRONG><a name="[bd]"></a>DMA_ERROR_DriverIRQHandler</STRONG> (Thumb, 4 bytes, Stack size unknown bytes, startup_mimxrt1064.o(.text))
<BR>[Address Reference Count : 1]<UL><LI> startup_mimxrt1064.o(.text)
</UL>
<P><STRONG><a name="[1]"></a>DefaultISR</STRONG> (Thumb, 4 bytes, Stack size unknown bytes, startup_mimxrt1064.o(.text))
<BR><BR>[Called By]<UL><LI><a href="#[87]">&gt;&gt;</a>&nbsp;&nbsp;&nbsp;ACMP1_IRQHandler
</UL>
<BR>[Address Reference Count : 5]<UL><LI> fsl_csi.o(.data.s_csiIsr)
<LI> startup_mimxrt1064.o(.isr_vector)
<LI> fsl_flexcan.o(.data.s_flexcanIsr)
<LI> fsl_lpuart.o(.data.s_lpuartIsr)
<LI> fsl_usdhc.o(.data.s_usdhcIsr)
</UL>
<P><STRONG><a name="[8d]"></a>ENC1_IRQHandler</STRONG> (Thumb, 4 bytes, Stack size unknown bytes, startup_mimxrt1064.o(.text))
<BR>[Address Reference Count : 1]<UL><LI> startup_mimxrt1064.o(.isr_vector)
</UL>
<P><STRONG><a name="[8e]"></a>ENC2_IRQHandler</STRONG> (Thumb, 4 bytes, Stack size unknown bytes, startup_mimxrt1064.o(.text))
<BR>[Address Reference Count : 1]<UL><LI> startup_mimxrt1064.o(.isr_vector)
</UL>
<P><STRONG><a name="[8f]"></a>ENC3_IRQHandler</STRONG> (Thumb, 4 bytes, Stack size unknown bytes, startup_mimxrt1064.o(.text))
<BR>[Address Reference Count : 1]<UL><LI> startup_mimxrt1064.o(.isr_vector)
</UL>
<P><STRONG><a name="[90]"></a>ENC4_IRQHandler</STRONG> (Thumb, 4 bytes, Stack size unknown bytes, startup_mimxrt1064.o(.text))
<BR>[Address Reference Count : 1]<UL><LI> startup_mimxrt1064.o(.isr_vector)
</UL>
<P><STRONG><a name="[6a]"></a>EWM_IRQHandler</STRONG> (Thumb, 4 bytes, Stack size unknown bytes, startup_mimxrt1064.o(.text))
<BR>[Address Reference Count : 1]<UL><LI> startup_mimxrt1064.o(.isr_vector)
</UL>
<P><STRONG><a name="[32]"></a>FLEXRAM_IRQHandler</STRONG> (Thumb, 4 bytes, Stack size unknown bytes, startup_mimxrt1064.o(.text))
<BR>[Address Reference Count : 1]<UL><LI> startup_mimxrt1064.o(.isr_vector)
</UL>
<P><STRONG><a name="[d7]"></a>FLEXSPI2_DriverIRQHandler</STRONG> (Thumb, 4 bytes, Stack size unknown bytes, startup_mimxrt1064.o(.text))
<BR>[Address Reference Count : 1]<UL><LI> startup_mimxrt1064.o(.text)
</UL>
<P><STRONG><a name="[d8]"></a>FLEXSPI_DriverIRQHandler</STRONG> (Thumb, 4 bytes, Stack size unknown bytes, startup_mimxrt1064.o(.text))
<BR>[Address Reference Count : 1]<UL><LI> startup_mimxrt1064.o(.text)
</UL>
<P><STRONG><a name="[6d]"></a>GPC_IRQHandler</STRONG> (Thumb, 4 bytes, Stack size unknown bytes, startup_mimxrt1064.o(.text))
<BR>[Address Reference Count : 1]<UL><LI> startup_mimxrt1064.o(.isr_vector)
</UL>
<P><STRONG><a name="[53]"></a>GPIO10_IRQHandler</STRONG> (Thumb, 4 bytes, Stack size unknown bytes, startup_mimxrt1064.o(.text))
<BR>[Address Reference Count : 1]<UL><LI> startup_mimxrt1064.o(.isr_vector)
</UL>
<P><STRONG><a name="[54]"></a>GPIO1_INT0_IRQHandler</STRONG> (Thumb, 4 bytes, Stack size unknown bytes, startup_mimxrt1064.o(.text))
<BR>[Address Reference Count : 1]<UL><LI> startup_mimxrt1064.o(.isr_vector)
</UL>
<P><STRONG><a name="[55]"></a>GPIO1_INT1_IRQHandler</STRONG> (Thumb, 4 bytes, Stack size unknown bytes, startup_mimxrt1064.o(.text))
<BR>[Address Reference Count : 1]<UL><LI> startup_mimxrt1064.o(.isr_vector)
</UL>
<P><STRONG><a name="[56]"></a>GPIO1_INT2_IRQHandler</STRONG> (Thumb, 4 bytes, Stack size unknown bytes, startup_mimxrt1064.o(.text))
<BR>[Address Reference Count : 1]<UL><LI> startup_mimxrt1064.o(.isr_vector)
</UL>
<P><STRONG><a name="[57]"></a>GPIO1_INT3_IRQHandler</STRONG> (Thumb, 4 bytes, Stack size unknown bytes, startup_mimxrt1064.o(.text))
<BR>[Address Reference Count : 1]<UL><LI> startup_mimxrt1064.o(.isr_vector)
</UL>
<P><STRONG><a name="[58]"></a>GPIO1_INT4_IRQHandler</STRONG> (Thumb, 4 bytes, Stack size unknown bytes, startup_mimxrt1064.o(.text))
<BR>[Address Reference Count : 1]<UL><LI> startup_mimxrt1064.o(.isr_vector)
</UL>
<P><STRONG><a name="[59]"></a>GPIO1_INT5_IRQHandler</STRONG> (Thumb, 4 bytes, Stack size unknown bytes, startup_mimxrt1064.o(.text))
<BR>[Address Reference Count : 1]<UL><LI> startup_mimxrt1064.o(.isr_vector)
</UL>
<P><STRONG><a name="[5a]"></a>GPIO1_INT6_IRQHandler</STRONG> (Thumb, 4 bytes, Stack size unknown bytes, startup_mimxrt1064.o(.text))
<BR>[Address Reference Count : 1]<UL><LI> startup_mimxrt1064.o(.isr_vector)
</UL>
<P><STRONG><a name="[5b]"></a>GPIO1_INT7_IRQHandler</STRONG> (Thumb, 4 bytes, Stack size unknown bytes, startup_mimxrt1064.o(.text))
<BR>[Address Reference Count : 1]<UL><LI> startup_mimxrt1064.o(.isr_vector)
</UL>
<P><STRONG><a name="[61]"></a>GPIO3_Combined_16_31_IRQHandler</STRONG> (Thumb, 4 bytes, Stack size unknown bytes, startup_mimxrt1064.o(.text))
<BR>[Address Reference Count : 1]<UL><LI> startup_mimxrt1064.o(.isr_vector)
</UL>
<P><STRONG><a name="[62]"></a>GPIO4_Combined_0_15_IRQHandler</STRONG> (Thumb, 4 bytes, Stack size unknown bytes, startup_mimxrt1064.o(.text))
<BR>[Address Reference Count : 1]<UL><LI> startup_mimxrt1064.o(.isr_vector)
</UL>
<P><STRONG><a name="[63]"></a>GPIO4_Combined_16_31_IRQHandler</STRONG> (Thumb, 4 bytes, Stack size unknown bytes, startup_mimxrt1064.o(.text))
<BR>[Address Reference Count : 1]<UL><LI> startup_mimxrt1064.o(.isr_vector)
</UL>
<P><STRONG><a name="[64]"></a>GPIO5_Combined_0_15_IRQHandler</STRONG> (Thumb, 4 bytes, Stack size unknown bytes, startup_mimxrt1064.o(.text))
<BR>[Address Reference Count : 1]<UL><LI> startup_mimxrt1064.o(.isr_vector)
</UL>
<P><STRONG><a name="[65]"></a>GPIO5_Combined_16_31_IRQHandler</STRONG> (Thumb, 4 bytes, Stack size unknown bytes, startup_mimxrt1064.o(.text))
<BR>[Address Reference Count : 1]<UL><LI> startup_mimxrt1064.o(.isr_vector)
</UL>
<P><STRONG><a name="[a9]"></a>GPIO6_7_8_9_IRQHandler</STRONG> (Thumb, 4 bytes, Stack size unknown bytes, startup_mimxrt1064.o(.text))
<BR>[Address Reference Count : 1]<UL><LI> startup_mimxrt1064.o(.isr_vector)
</UL>
<P><STRONG><a name="[35]"></a>GPR_IRQ_IRQHandler</STRONG> (Thumb, 4 bytes, Stack size unknown bytes, startup_mimxrt1064.o(.text))
<BR>[Address Reference Count : 1]<UL><LI> startup_mimxrt1064.o(.isr_vector)
</UL>
<P><STRONG><a name="[70]"></a>GPT1_IRQHandler</STRONG> (Thumb, 4 bytes, Stack size unknown bytes, startup_mimxrt1064.o(.text))
<BR>[Address Reference Count : 1]<UL><LI> startup_mimxrt1064.o(.isr_vector)
</UL>
<P><STRONG><a name="[71]"></a>GPT2_IRQHandler</STRONG> (Thumb, 4 bytes, Stack size unknown bytes, startup_mimxrt1064.o(.text))
<BR>[Address Reference Count : 1]<UL><LI> startup_mimxrt1064.o(.isr_vector)
</UL>
<P><STRONG><a name="[33]"></a>KPP_IRQHandler</STRONG> (Thumb, 4 bytes, Stack size unknown bytes, startup_mimxrt1064.o(.text))
<BR>[Address Reference Count : 1]<UL><LI> startup_mimxrt1064.o(.isr_vector)
</UL>
<P><STRONG><a name="[36]"></a>LCDIF_IRQHandler</STRONG> (Thumb, 4 bytes, Stack size unknown bytes, startup_mimxrt1064.o(.text))
<BR>[Address Reference Count : 1]<UL><LI> startup_mimxrt1064.o(.isr_vector)
</UL>
<P><STRONG><a name="[49]"></a>PMU_EVENT_IRQHandler</STRONG> (Thumb, 4 bytes, Stack size unknown bytes, startup_mimxrt1064.o(.text))
<BR>[Address Reference Count : 1]<UL><LI> startup_mimxrt1064.o(.isr_vector)
</UL>
<P><STRONG><a name="[72]"></a>PWM1_0_IRQHandler</STRONG> (Thumb, 4 bytes, Stack size unknown bytes, startup_mimxrt1064.o(.text))
<BR>[Address Reference Count : 1]<UL><LI> startup_mimxrt1064.o(.isr_vector)
</UL>
<P><STRONG><a name="[73]"></a>PWM1_1_IRQHandler</STRONG> (Thumb, 4 bytes, Stack size unknown bytes, startup_mimxrt1064.o(.text))
<BR>[Address Reference Count : 1]<UL><LI> startup_mimxrt1064.o(.isr_vector)
</UL>
<P><STRONG><a name="[74]"></a>PWM1_2_IRQHandler</STRONG> (Thumb, 4 bytes, Stack size unknown bytes, startup_mimxrt1064.o(.text))
<BR>[Address Reference Count : 1]<UL><LI> startup_mimxrt1064.o(.isr_vector)
</UL>
<P><STRONG><a name="[75]"></a>PWM1_3_IRQHandler</STRONG> (Thumb, 4 bytes, Stack size unknown bytes, startup_mimxrt1064.o(.text))
<BR>[Address Reference Count : 1]<UL><LI> startup_mimxrt1064.o(.isr_vector)
</UL>
<P><STRONG><a name="[76]"></a>PWM1_FAULT_IRQHandler</STRONG> (Thumb, 4 bytes, Stack size unknown bytes, startup_mimxrt1064.o(.text))
<BR>[Address Reference Count : 1]<UL><LI> startup_mimxrt1064.o(.isr_vector)
</UL>
<P><STRONG><a name="[95]"></a>PWM2_0_IRQHandler</STRONG> (Thumb, 4 bytes, Stack size unknown bytes, startup_mimxrt1064.o(.text))
<BR>[Address Reference Count : 1]<UL><LI> startup_mimxrt1064.o(.isr_vector)
</UL>
<P><STRONG><a name="[96]"></a>PWM2_1_IRQHandler</STRONG> (Thumb, 4 bytes, Stack size unknown bytes, startup_mimxrt1064.o(.text))
<BR>[Address Reference Count : 1]<UL><LI> startup_mimxrt1064.o(.isr_vector)
</UL>
<P><STRONG><a name="[97]"></a>PWM2_2_IRQHandler</STRONG> (Thumb, 4 bytes, Stack size unknown bytes, startup_mimxrt1064.o(.text))
<BR>[Address Reference Count : 1]<UL><LI> startup_mimxrt1064.o(.isr_vector)
</UL>
<P><STRONG><a name="[98]"></a>PWM2_3_IRQHandler</STRONG> (Thumb, 4 bytes, Stack size unknown bytes, startup_mimxrt1064.o(.text))
<BR>[Address Reference Count : 1]<UL><LI> startup_mimxrt1064.o(.isr_vector)
</UL>
<P><STRONG><a name="[99]"></a>PWM2_FAULT_IRQHandler</STRONG> (Thumb, 4 bytes, Stack size unknown bytes, startup_mimxrt1064.o(.text))
<BR>[Address Reference Count : 1]<UL><LI> startup_mimxrt1064.o(.isr_vector)
</UL>
<P><STRONG><a name="[9a]"></a>PWM3_0_IRQHandler</STRONG> (Thumb, 4 bytes, Stack size unknown bytes, startup_mimxrt1064.o(.text))
<BR>[Address Reference Count : 1]<UL><LI> startup_mimxrt1064.o(.isr_vector)
</UL>
<P><STRONG><a name="[9b]"></a>PWM3_1_IRQHandler</STRONG> (Thumb, 4 bytes, Stack size unknown bytes, startup_mimxrt1064.o(.text))
<BR>[Address Reference Count : 1]<UL><LI> startup_mimxrt1064.o(.isr_vector)
</UL>
<P><STRONG><a name="[9c]"></a>PWM3_2_IRQHandler</STRONG> (Thumb, 4 bytes, Stack size unknown bytes, startup_mimxrt1064.o(.text))
<BR>[Address Reference Count : 1]<UL><LI> startup_mimxrt1064.o(.isr_vector)
</UL>
<P><STRONG><a name="[9d]"></a>PWM3_3_IRQHandler</STRONG> (Thumb, 4 bytes, Stack size unknown bytes, startup_mimxrt1064.o(.text))
<BR>[Address Reference Count : 1]<UL><LI> startup_mimxrt1064.o(.isr_vector)
</UL>
<P><STRONG><a name="[9e]"></a>PWM3_FAULT_IRQHandler</STRONG> (Thumb, 4 bytes, Stack size unknown bytes, startup_mimxrt1064.o(.text))
<BR>[Address Reference Count : 1]<UL><LI> startup_mimxrt1064.o(.isr_vector)
</UL>
<P><STRONG><a name="[9f]"></a>PWM4_0_IRQHandler</STRONG> (Thumb, 4 bytes, Stack size unknown bytes, startup_mimxrt1064.o(.text))
<BR>[Address Reference Count : 1]<UL><LI> startup_mimxrt1064.o(.isr_vector)
</UL>
<P><STRONG><a name="[a0]"></a>PWM4_1_IRQHandler</STRONG> (Thumb, 4 bytes, Stack size unknown bytes, startup_mimxrt1064.o(.text))
<BR>[Address Reference Count : 1]<UL><LI> startup_mimxrt1064.o(.isr_vector)
</UL>
<P><STRONG><a name="[a1]"></a>PWM4_2_IRQHandler</STRONG> (Thumb, 4 bytes, Stack size unknown bytes, startup_mimxrt1064.o(.text))
<BR>[Address Reference Count : 1]<UL><LI> startup_mimxrt1064.o(.isr_vector)
</UL>
<P><STRONG><a name="[a2]"></a>PWM4_3_IRQHandler</STRONG> (Thumb, 4 bytes, Stack size unknown bytes, startup_mimxrt1064.o(.text))
<BR>[Address Reference Count : 1]<UL><LI> startup_mimxrt1064.o(.isr_vector)
</UL>
<P><STRONG><a name="[a3]"></a>PWM4_FAULT_IRQHandler</STRONG> (Thumb, 4 bytes, Stack size unknown bytes, startup_mimxrt1064.o(.text))
<BR>[Address Reference Count : 1]<UL><LI> startup_mimxrt1064.o(.isr_vector)
</UL>
<P><STRONG><a name="[38]"></a>PXP_IRQHandler</STRONG> (Thumb, 4 bytes, Stack size unknown bytes, startup_mimxrt1064.o(.text))
<BR>[Address Reference Count : 1]<UL><LI> startup_mimxrt1064.o(.isr_vector)
</UL>
<P><STRONG><a name="[69]"></a>RTWDOG_IRQHandler</STRONG> (Thumb, 4 bytes, Stack size unknown bytes, startup_mimxrt1064.o(.text))
<BR>[Address Reference Count : 1]<UL><LI> startup_mimxrt1064.o(.isr_vector)
</UL>
<P><STRONG><a name="[6f]"></a>Reserved115_IRQHandler</STRONG> (Thumb, 4 bytes, Stack size unknown bytes, startup_mimxrt1064.o(.text))
<BR>[Address Reference Count : 1]<UL><LI> startup_mimxrt1064.o(.isr_vector)
</UL>
<P><STRONG><a name="[8b]"></a>Reserved143_IRQHandler</STRONG> (Thumb, 4 bytes, Stack size unknown bytes, startup_mimxrt1064.o(.text))
<BR>[Address Reference Count : 1]<UL><LI> startup_mimxrt1064.o(.isr_vector)
</UL>
<P><STRONG><a name="[8c]"></a>Reserved144_IRQHandler</STRONG> (Thumb, 4 bytes, Stack size unknown bytes, startup_mimxrt1064.o(.text))
<BR>[Address Reference Count : 1]<UL><LI> startup_mimxrt1064.o(.isr_vector)
</UL>
<P><STRONG><a name="[a7]"></a>Reserved171_IRQHandler</STRONG> (Thumb, 4 bytes, Stack size unknown bytes, startup_mimxrt1064.o(.text))
<BR>[Address Reference Count : 1]<UL><LI> startup_mimxrt1064.o(.isr_vector)
</UL>
<P><STRONG><a name="[40]"></a>Reserved68_IRQHandler</STRONG> (Thumb, 4 bytes, Stack size unknown bytes, startup_mimxrt1064.o(.text))
<BR>[Address Reference Count : 1]<UL><LI> startup_mimxrt1064.o(.isr_vector)
</UL>
<P><STRONG><a name="[4a]"></a>Reserved78_IRQHandler</STRONG> (Thumb, 4 bytes, Stack size unknown bytes, startup_mimxrt1064.o(.text))
<BR>[Address Reference Count : 1]<UL><LI> startup_mimxrt1064.o(.isr_vector)
</UL>
<P><STRONG><a name="[52]"></a>Reserved86_IRQHandler</STRONG> (Thumb, 4 bytes, Stack size unknown bytes, startup_mimxrt1064.o(.text))
<BR>[Address Reference Count : 1]<UL><LI> startup_mimxrt1064.o(.isr_vector)
</UL>
<P><STRONG><a name="[79]"></a>SEMC_IRQHandler</STRONG> (Thumb, 4 bytes, Stack size unknown bytes, startup_mimxrt1064.o(.text))
<BR>[Address Reference Count : 1]<UL><LI> startup_mimxrt1064.o(.isr_vector)
</UL>
<P><STRONG><a name="[42]"></a>SJC_IRQHandler</STRONG> (Thumb, 4 bytes, Stack size unknown bytes, startup_mimxrt1064.o(.text))
<BR>[Address Reference Count : 1]<UL><LI> startup_mimxrt1064.o(.isr_vector)
</UL>
<P><STRONG><a name="[3a]"></a>SNVS_HP_WRAPPER_IRQHandler</STRONG> (Thumb, 4 bytes, Stack size unknown bytes, startup_mimxrt1064.o(.text))
<BR>[Address Reference Count : 1]<UL><LI> startup_mimxrt1064.o(.isr_vector)
</UL>
<P><STRONG><a name="[3b]"></a>SNVS_HP_WRAPPER_TZ_IRQHandler</STRONG> (Thumb, 4 bytes, Stack size unknown bytes, startup_mimxrt1064.o(.text))
<BR>[Address Reference Count : 1]<UL><LI> startup_mimxrt1064.o(.isr_vector)
</UL>
<P><STRONG><a name="[3c]"></a>SNVS_LP_WRAPPER_IRQHandler</STRONG> (Thumb, 4 bytes, Stack size unknown bytes, startup_mimxrt1064.o(.text))
<BR>[Address Reference Count : 1]<UL><LI> startup_mimxrt1064.o(.isr_vector)
</UL>
<P><STRONG><a name="[6e]"></a>SRC_IRQHandler</STRONG> (Thumb, 4 bytes, Stack size unknown bytes, startup_mimxrt1064.o(.text))
<BR>[Address Reference Count : 1]<UL><LI> startup_mimxrt1064.o(.isr_vector)
</UL>
<P><STRONG><a name="[4b]"></a>TEMP_LOW_HIGH_IRQHandler</STRONG> (Thumb, 4 bytes, Stack size unknown bytes, startup_mimxrt1064.o(.text))
<BR>[Address Reference Count : 1]<UL><LI> startup_mimxrt1064.o(.isr_vector)
</UL>
<P><STRONG><a name="[4c]"></a>TEMP_PANIC_IRQHandler</STRONG> (Thumb, 4 bytes, Stack size unknown bytes, startup_mimxrt1064.o(.text))
<BR>[Address Reference Count : 1]<UL><LI> startup_mimxrt1064.o(.isr_vector)
</UL>
<P><STRONG><a name="[91]"></a>TMR1_IRQHandler</STRONG> (Thumb, 4 bytes, Stack size unknown bytes, startup_mimxrt1064.o(.text))
<BR>[Address Reference Count : 1]<UL><LI> startup_mimxrt1064.o(.isr_vector)
</UL>
<P><STRONG><a name="[92]"></a>TMR2_IRQHandler</STRONG> (Thumb, 4 bytes, Stack size unknown bytes, startup_mimxrt1064.o(.text))
<BR>[Address Reference Count : 1]<UL><LI> startup_mimxrt1064.o(.isr_vector)
</UL>
<P><STRONG><a name="[93]"></a>TMR3_IRQHandler</STRONG> (Thumb, 4 bytes, Stack size unknown bytes, startup_mimxrt1064.o(.text))
<BR>[Address Reference Count : 1]<UL><LI> startup_mimxrt1064.o(.isr_vector)
</UL>
<P><STRONG><a name="[94]"></a>TMR4_IRQHandler</STRONG> (Thumb, 4 bytes, Stack size unknown bytes, startup_mimxrt1064.o(.text))
<BR>[Address Reference Count : 1]<UL><LI> startup_mimxrt1064.o(.isr_vector)
</UL>
<P><STRONG><a name="[41]"></a>TRNG_IRQHandler</STRONG> (Thumb, 4 bytes, Stack size unknown bytes, startup_mimxrt1064.o(.text))
<BR>[Address Reference Count : 1]<UL><LI> startup_mimxrt1064.o(.isr_vector)
</UL>
<P><STRONG><a name="[34]"></a>TSC_DIG_IRQHandler</STRONG> (Thumb, 4 bytes, Stack size unknown bytes, startup_mimxrt1064.o(.text))
<BR>[Address Reference Count : 1]<UL><LI> startup_mimxrt1064.o(.isr_vector)
</UL>
<P><STRONG><a name="[4d]"></a>USB_PHY1_IRQHandler</STRONG> (Thumb, 4 bytes, Stack size unknown bytes, startup_mimxrt1064.o(.text))
<BR>[Address Reference Count : 1]<UL><LI> startup_mimxrt1064.o(.isr_vector)
</UL>
<P><STRONG><a name="[4e]"></a>USB_PHY2_IRQHandler</STRONG> (Thumb, 4 bytes, Stack size unknown bytes, startup_mimxrt1064.o(.text))
<BR>[Address Reference Count : 1]<UL><LI> startup_mimxrt1064.o(.isr_vector)
</UL>
<P><STRONG><a name="[68]"></a>WDOG1_IRQHandler</STRONG> (Thumb, 4 bytes, Stack size unknown bytes, startup_mimxrt1064.o(.text))
<BR>[Address Reference Count : 1]<UL><LI> startup_mimxrt1064.o(.isr_vector)
</UL>
<P><STRONG><a name="[39]"></a>WDOG2_IRQHandler</STRONG> (Thumb, 4 bytes, Stack size unknown bytes, startup_mimxrt1064.o(.text))
<BR>[Address Reference Count : 1]<UL><LI> startup_mimxrt1064.o(.isr_vector)
</UL>
<P><STRONG><a name="[80]"></a>XBAR1_IRQ_0_1_IRQHandler</STRONG> (Thumb, 4 bytes, Stack size unknown bytes, startup_mimxrt1064.o(.text))
<BR>[Address Reference Count : 1]<UL><LI> startup_mimxrt1064.o(.isr_vector)
</UL>
<P><STRONG><a name="[81]"></a>XBAR1_IRQ_2_3_IRQHandler</STRONG> (Thumb, 4 bytes, Stack size unknown bytes, startup_mimxrt1064.o(.text))
<BR>[Address Reference Count : 1]<UL><LI> startup_mimxrt1064.o(.isr_vector)
</UL>
<P><STRONG><a name="[b]"></a>SysTick_Handler</STRONG> (Thumb, 4 bytes, Stack size unknown bytes, startup_mimxrt1064.o(.text))
<BR>[Address Reference Count : 2]<UL><LI> startup_mimxrt1064.o(.text)
<LI> startup_mimxrt1064.o(.isr_vector)
</UL>
<P><STRONG><a name="[c]"></a>DMA0_DMA16_IRQHandler</STRONG> (Thumb, 4 bytes, Stack size unknown bytes, startup_mimxrt1064.o(.text))
<BR>[Address Reference Count : 1]<UL><LI> startup_mimxrt1064.o(.isr_vector)
</UL>
<P><STRONG><a name="[d]"></a>DMA1_DMA17_IRQHandler</STRONG> (Thumb, 4 bytes, Stack size unknown bytes, startup_mimxrt1064.o(.text))
<BR>[Address Reference Count : 1]<UL><LI> startup_mimxrt1064.o(.isr_vector)
</UL>
<P><STRONG><a name="[e]"></a>DMA2_DMA18_IRQHandler</STRONG> (Thumb, 4 bytes, Stack size unknown bytes, startup_mimxrt1064.o(.text))
<BR>[Address Reference Count : 1]<UL><LI> startup_mimxrt1064.o(.isr_vector)
</UL>
<P><STRONG><a name="[f]"></a>DMA3_DMA19_IRQHandler</STRONG> (Thumb, 4 bytes, Stack size unknown bytes, startup_mimxrt1064.o(.text))
<BR>[Address Reference Count : 1]<UL><LI> startup_mimxrt1064.o(.isr_vector)
</UL>
<P><STRONG><a name="[10]"></a>DMA4_DMA20_IRQHandler</STRONG> (Thumb, 4 bytes, Stack size unknown bytes, startup_mimxrt1064.o(.text))
<BR>[Address Reference Count : 1]<UL><LI> startup_mimxrt1064.o(.isr_vector)
</UL>
<P><STRONG><a name="[11]"></a>DMA5_DMA21_IRQHandler</STRONG> (Thumb, 4 bytes, Stack size unknown bytes, startup_mimxrt1064.o(.text))
<BR>[Address Reference Count : 1]<UL><LI> startup_mimxrt1064.o(.isr_vector)
</UL>
<P><STRONG><a name="[12]"></a>DMA6_DMA22_IRQHandler</STRONG> (Thumb, 4 bytes, Stack size unknown bytes, startup_mimxrt1064.o(.text))
<BR>[Address Reference Count : 1]<UL><LI> startup_mimxrt1064.o(.isr_vector)
</UL>
<P><STRONG><a name="[13]"></a>DMA7_DMA23_IRQHandler</STRONG> (Thumb, 4 bytes, Stack size unknown bytes, startup_mimxrt1064.o(.text))
<BR>[Address Reference Count : 1]<UL><LI> startup_mimxrt1064.o(.isr_vector)
</UL>
<P><STRONG><a name="[14]"></a>DMA8_DMA24_IRQHandler</STRONG> (Thumb, 4 bytes, Stack size unknown bytes, startup_mimxrt1064.o(.text))
<BR>[Address Reference Count : 1]<UL><LI> startup_mimxrt1064.o(.isr_vector)
</UL>
<P><STRONG><a name="[15]"></a>DMA9_DMA25_IRQHandler</STRONG> (Thumb, 4 bytes, Stack size unknown bytes, startup_mimxrt1064.o(.text))
<BR>[Address Reference Count : 1]<UL><LI> startup_mimxrt1064.o(.isr_vector)
</UL>
<P><STRONG><a name="[16]"></a>DMA10_DMA26_IRQHandler</STRONG> (Thumb, 4 bytes, Stack size unknown bytes, startup_mimxrt1064.o(.text))
<BR>[Address Reference Count : 1]<UL><LI> startup_mimxrt1064.o(.isr_vector)
</UL>
<P><STRONG><a name="[17]"></a>DMA11_DMA27_IRQHandler</STRONG> (Thumb, 4 bytes, Stack size unknown bytes, startup_mimxrt1064.o(.text))
<BR>[Address Reference Count : 1]<UL><LI> startup_mimxrt1064.o(.isr_vector)
</UL>
<P><STRONG><a name="[18]"></a>DMA12_DMA28_IRQHandler</STRONG> (Thumb, 4 bytes, Stack size unknown bytes, startup_mimxrt1064.o(.text))
<BR>[Address Reference Count : 1]<UL><LI> startup_mimxrt1064.o(.isr_vector)
</UL>
<P><STRONG><a name="[19]"></a>DMA13_DMA29_IRQHandler</STRONG> (Thumb, 4 bytes, Stack size unknown bytes, startup_mimxrt1064.o(.text))
<BR>[Address Reference Count : 1]<UL><LI> startup_mimxrt1064.o(.isr_vector)
</UL>
<P><STRONG><a name="[1a]"></a>DMA14_DMA30_IRQHandler</STRONG> (Thumb, 4 bytes, Stack size unknown bytes, startup_mimxrt1064.o(.text))
<BR>[Address Reference Count : 1]<UL><LI> startup_mimxrt1064.o(.isr_vector)
</UL>
<P><STRONG><a name="[1b]"></a>DMA15_DMA31_IRQHandler</STRONG> (Thumb, 4 bytes, Stack size unknown bytes, startup_mimxrt1064.o(.text))
<BR>[Address Reference Count : 1]<UL><LI> startup_mimxrt1064.o(.isr_vector)
</UL>
<P><STRONG><a name="[1c]"></a>DMA_ERROR_IRQHandler</STRONG> (Thumb, 4 bytes, Stack size unknown bytes, startup_mimxrt1064.o(.text))
<BR>[Address Reference Count : 1]<UL><LI> startup_mimxrt1064.o(.isr_vector)
</UL>
<P><STRONG><a name="[26]"></a>LPUART7_IRQHandler</STRONG> (Thumb, 4 bytes, Stack size unknown bytes, startup_mimxrt1064.o(.text))
<BR>[Address Reference Count : 1]<UL><LI> startup_mimxrt1064.o(.isr_vector)
</UL>
<P><STRONG><a name="[28]"></a>LPI2C1_IRQHandler</STRONG> (Thumb, 4 bytes, Stack size unknown bytes, startup_mimxrt1064.o(.text))
<BR>[Address Reference Count : 1]<UL><LI> startup_mimxrt1064.o(.isr_vector)
</UL>
<P><STRONG><a name="[29]"></a>LPI2C2_IRQHandler</STRONG> (Thumb, 4 bytes, Stack size unknown bytes, startup_mimxrt1064.o(.text))
<BR>[Address Reference Count : 1]<UL><LI> startup_mimxrt1064.o(.isr_vector)
</UL>
<P><STRONG><a name="[2a]"></a>LPI2C3_IRQHandler</STRONG> (Thumb, 4 bytes, Stack size unknown bytes, startup_mimxrt1064.o(.text))
<BR>[Address Reference Count : 1]<UL><LI> startup_mimxrt1064.o(.isr_vector)
</UL>
<P><STRONG><a name="[2b]"></a>LPI2C4_IRQHandler</STRONG> (Thumb, 4 bytes, Stack size unknown bytes, startup_mimxrt1064.o(.text))
<BR>[Address Reference Count : 1]<UL><LI> startup_mimxrt1064.o(.isr_vector)
</UL>
<P><STRONG><a name="[2c]"></a>LPSPI1_IRQHandler</STRONG> (Thumb, 4 bytes, Stack size unknown bytes, startup_mimxrt1064.o(.text))
<BR>[Address Reference Count : 1]<UL><LI> startup_mimxrt1064.o(.isr_vector)
</UL>
<P><STRONG><a name="[2d]"></a>LPSPI2_IRQHandler</STRONG> (Thumb, 4 bytes, Stack size unknown bytes, startup_mimxrt1064.o(.text))
<BR>[Address Reference Count : 1]<UL><LI> startup_mimxrt1064.o(.isr_vector)
</UL>
<P><STRONG><a name="[2e]"></a>LPSPI3_IRQHandler</STRONG> (Thumb, 4 bytes, Stack size unknown bytes, startup_mimxrt1064.o(.text))
<BR>[Address Reference Count : 1]<UL><LI> startup_mimxrt1064.o(.isr_vector)
</UL>
<P><STRONG><a name="[2f]"></a>LPSPI4_IRQHandler</STRONG> (Thumb, 4 bytes, Stack size unknown bytes, startup_mimxrt1064.o(.text))
<BR>[Address Reference Count : 1]<UL><LI> startup_mimxrt1064.o(.isr_vector)
</UL>
<P><STRONG><a name="[30]"></a>CAN1_IRQHandler</STRONG> (Thumb, 4 bytes, Stack size unknown bytes, startup_mimxrt1064.o(.text))
<BR>[Address Reference Count : 1]<UL><LI> startup_mimxrt1064.o(.isr_vector)
</UL>
<P><STRONG><a name="[31]"></a>CAN2_IRQHandler</STRONG> (Thumb, 4 bytes, Stack size unknown bytes, startup_mimxrt1064.o(.text))
<BR>[Address Reference Count : 1]<UL><LI> startup_mimxrt1064.o(.isr_vector)
</UL>
<P><STRONG><a name="[44]"></a>SAI1_IRQHandler</STRONG> (Thumb, 4 bytes, Stack size unknown bytes, startup_mimxrt1064.o(.text))
<BR>[Address Reference Count : 1]<UL><LI> startup_mimxrt1064.o(.isr_vector)
</UL>
<P><STRONG><a name="[45]"></a>SAI2_IRQHandler</STRONG> (Thumb, 4 bytes, Stack size unknown bytes, startup_mimxrt1064.o(.text))
<BR>[Address Reference Count : 1]<UL><LI> startup_mimxrt1064.o(.isr_vector)
</UL>
<P><STRONG><a name="[46]"></a>SAI3_RX_IRQHandler</STRONG> (Thumb, 4 bytes, Stack size unknown bytes, startup_mimxrt1064.o(.text))
<BR>[Address Reference Count : 1]<UL><LI> startup_mimxrt1064.o(.isr_vector)
</UL>
<P><STRONG><a name="[47]"></a>SAI3_TX_IRQHandler</STRONG> (Thumb, 4 bytes, Stack size unknown bytes, startup_mimxrt1064.o(.text))
<BR>[Address Reference Count : 1]<UL><LI> startup_mimxrt1064.o(.isr_vector)
</UL>
<P><STRONG><a name="[48]"></a>SPDIF_IRQHandler</STRONG> (Thumb, 4 bytes, Stack size unknown bytes, startup_mimxrt1064.o(.text))
<BR>[Address Reference Count : 1]<UL><LI> startup_mimxrt1064.o(.isr_vector)
</UL>
<P><STRONG><a name="[66]"></a>FLEXIO1_IRQHandler</STRONG> (Thumb, 4 bytes, Stack size unknown bytes, startup_mimxrt1064.o(.text))
<BR>[Address Reference Count : 1]<UL><LI> startup_mimxrt1064.o(.isr_vector)
</UL>
<P><STRONG><a name="[67]"></a>FLEXIO2_IRQHandler</STRONG> (Thumb, 4 bytes, Stack size unknown bytes, startup_mimxrt1064.o(.text))
<BR>[Address Reference Count : 1]<UL><LI> startup_mimxrt1064.o(.isr_vector)
</UL>
<P><STRONG><a name="[77]"></a>FLEXSPI2_IRQHandler</STRONG> (Thumb, 4 bytes, Stack size unknown bytes, startup_mimxrt1064.o(.text))
<BR>[Address Reference Count : 1]<UL><LI> startup_mimxrt1064.o(.isr_vector)
</UL>
<P><STRONG><a name="[78]"></a>FLEXSPI_IRQHandler</STRONG> (Thumb, 4 bytes, Stack size unknown bytes, startup_mimxrt1064.o(.text))
<BR>[Address Reference Count : 1]<UL><LI> startup_mimxrt1064.o(.isr_vector)
</UL>
<P><STRONG><a name="[7a]"></a>USDHC1_IRQHandler</STRONG> (Thumb, 4 bytes, Stack size unknown bytes, startup_mimxrt1064.o(.text))
<BR>[Address Reference Count : 1]<UL><LI> startup_mimxrt1064.o(.isr_vector)
</UL>
<P><STRONG><a name="[7b]"></a>USDHC2_IRQHandler</STRONG> (Thumb, 4 bytes, Stack size unknown bytes, startup_mimxrt1064.o(.text))
<BR>[Address Reference Count : 1]<UL><LI> startup_mimxrt1064.o(.isr_vector)
</UL>
<P><STRONG><a name="[7e]"></a>ENET_IRQHandler</STRONG> (Thumb, 4 bytes, Stack size unknown bytes, startup_mimxrt1064.o(.text))
<BR>[Address Reference Count : 1]<UL><LI> startup_mimxrt1064.o(.isr_vector)
</UL>
<P><STRONG><a name="[7f]"></a>ENET_1588_Timer_IRQHandler</STRONG> (Thumb, 4 bytes, Stack size unknown bytes, startup_mimxrt1064.o(.text))
<BR>[Address Reference Count : 1]<UL><LI> startup_mimxrt1064.o(.isr_vector)
</UL>
<P><STRONG><a name="[a4]"></a>ENET2_IRQHandler</STRONG> (Thumb, 4 bytes, Stack size unknown bytes, startup_mimxrt1064.o(.text))
<BR>[Address Reference Count : 1]<UL><LI> startup_mimxrt1064.o(.isr_vector)
</UL>
<P><STRONG><a name="[a5]"></a>ENET2_1588_Timer_IRQHandler</STRONG> (Thumb, 4 bytes, Stack size unknown bytes, startup_mimxrt1064.o(.text))
<BR>[Address Reference Count : 1]<UL><LI> startup_mimxrt1064.o(.isr_vector)
</UL>
<P><STRONG><a name="[a6]"></a>CAN3_IRQHandler</STRONG> (Thumb, 4 bytes, Stack size unknown bytes, startup_mimxrt1064.o(.text))
<BR>[Address Reference Count : 1]<UL><LI> startup_mimxrt1064.o(.isr_vector)
</UL>
<P><STRONG><a name="[a8]"></a>FLEXIO3_IRQHandler</STRONG> (Thumb, 4 bytes, Stack size unknown bytes, startup_mimxrt1064.o(.text))
<BR>[Address Reference Count : 1]<UL><LI> startup_mimxrt1064.o(.isr_vector)
</UL>
<P><STRONG><a name="[301]"></a>__scatterload</STRONG> (Thumb, 28 bytes, Stack size 0 bytes, init.o(.text))
<BR><BR>[Calls]<UL><LI><a href="#[302]">&gt;&gt;</a>&nbsp;&nbsp;&nbsp;__main_after_scatterload
</UL>
<BR>[Called By]<UL><LI><a href="#[300]">&gt;&gt;</a>&nbsp;&nbsp;&nbsp;_main_scatterload
</UL>

<P><STRONG><a name="[30a]"></a>__scatterload_rt2</STRONG> (Thumb, 0 bytes, Stack size 0 bytes, init.o(.text), UNUSED)

<P><STRONG><a name="[ab]"></a>SystemInit</STRONG> (Thumb, 420 bytes, Stack size 24 bytes, system_mimxrt1064.o(.text.SystemInit))
<BR><BR>[Stack]<UL><LI>Max Depth = 24<LI>Call Chain = SystemInit
</UL>
<BR>[Calls]<UL><LI><a href="#[303]">&gt;&gt;</a>&nbsp;&nbsp;&nbsp;SystemInitHook
</UL>
<BR>[Address Reference Count : 1]<UL><LI> startup_mimxrt1064.o(.text)
</UL>
<P><STRONG><a name="[303]"></a>SystemInitHook</STRONG> (Thumb, 2 bytes, Stack size 0 bytes, system_mimxrt1064.o(.text.SystemInitHook))
<BR><BR>[Called By]<UL><LI><a href="#[ab]">&gt;&gt;</a>&nbsp;&nbsp;&nbsp;SystemInit
</UL>

<P><STRONG><a name="[30b]"></a>__scatterload_copy</STRONG> (Thumb, 14 bytes, Stack size unknown bytes, handlers.o(i.__scatterload_copy), UNUSED)

<P><STRONG><a name="[30c]"></a>__scatterload_null</STRONG> (Thumb, 2 bytes, Stack size unknown bytes, handlers.o(i.__scatterload_null), UNUSED)

<P><STRONG><a name="[30d]"></a>__scatterload_zeroinit</STRONG> (Thumb, 14 bytes, Stack size unknown bytes, handlers.o(i.__scatterload_zeroinit), UNUSED)

<P><STRONG><a name="[ed]"></a>__aeabi_uldivmod</STRONG> (Thumb, 98 bytes, Stack size 40 bytes, uldiv.o(.text))
<BR><BR>[Stack]<UL><LI>Max Depth = 40<LI>Call Chain = __aeabi_uldivmod
</UL>
<BR>[Calls]<UL><LI><a href="#[ee]">&gt;&gt;</a>&nbsp;&nbsp;&nbsp;__aeabi_llsr
<LI><a href="#[ef]">&gt;&gt;</a>&nbsp;&nbsp;&nbsp;__aeabi_llsl
</UL>
<BR>[Called By]<UL><LI><a href="#[1ec]">&gt;&gt;</a>&nbsp;&nbsp;&nbsp;LPSPI_MasterSetDelayTimes
<LI><a href="#[181]">&gt;&gt;</a>&nbsp;&nbsp;&nbsp;DbgConsole_ConvertRadixNumToString
<LI><a href="#[f0]">&gt;&gt;</a>&nbsp;&nbsp;&nbsp;__aeabi_ldivmod
<LI><a href="#[2e9]">&gt;&gt;</a>&nbsp;&nbsp;&nbsp;_printf_core
<LI><a href="#[2fb]">&gt;&gt;</a>&nbsp;&nbsp;&nbsp;_fp_digits
</UL>

<P><STRONG><a name="[f0]"></a>__aeabi_ldivmod</STRONG> (Thumb, 98 bytes, Stack size 24 bytes, ldiv.o(.text))
<BR><BR>[Stack]<UL><LI>Max Depth = 64<LI>Call Chain = __aeabi_ldivmod &rArr; __aeabi_uldivmod
</UL>
<BR>[Calls]<UL><LI><a href="#[ed]">&gt;&gt;</a>&nbsp;&nbsp;&nbsp;__aeabi_uldivmod
</UL>
<BR>[Called By]<UL><LI><a href="#[181]">&gt;&gt;</a>&nbsp;&nbsp;&nbsp;DbgConsole_ConvertRadixNumToString
</UL>

<P><STRONG><a name="[172]"></a>abs</STRONG> (Thumb, 8 bytes, Stack size 0 bytes, siabs.o(.text))
<BR><BR>[Called By]<UL><LI><a href="#[1d6]">&gt;&gt;</a>&nbsp;&nbsp;&nbsp;find_middle
<LI><a href="#[1d7]">&gt;&gt;</a>&nbsp;&nbsp;&nbsp;Island_Detect
<LI><a href="#[176]">&gt;&gt;</a>&nbsp;&nbsp;&nbsp;Find_Up_Point
<LI><a href="#[177]">&gt;&gt;</a>&nbsp;&nbsp;&nbsp;Find_Down_Point
<LI><a href="#[1ac]">&gt;&gt;</a>&nbsp;&nbsp;&nbsp;Find_Right_Down_Point
<LI><a href="#[1ab]">&gt;&gt;</a>&nbsp;&nbsp;&nbsp;Find_Left_Down_Point
<LI><a href="#[174]">&gt;&gt;</a>&nbsp;&nbsp;&nbsp;Continuity_Change_Right
<LI><a href="#[173]">&gt;&gt;</a>&nbsp;&nbsp;&nbsp;Continuity_Change_Left
<LI><a href="#[203]">&gt;&gt;</a>&nbsp;&nbsp;&nbsp;Motor_Control
<LI><a href="#[21f]">&gt;&gt;</a>&nbsp;&nbsp;&nbsp;PositonCorrect_TO_Art
<LI><a href="#[249]">&gt;&gt;</a>&nbsp;&nbsp;&nbsp;Xpos_Correct
<LI><a href="#[2a3]">&gt;&gt;</a>&nbsp;&nbsp;&nbsp;is_turn_right
<LI><a href="#[171]">&gt;&gt;</a>&nbsp;&nbsp;&nbsp;Check_angle
<LI><a href="#[24c]">&gt;&gt;</a>&nbsp;&nbsp;&nbsp;adjust_angle
<LI><a href="#[225]">&gt;&gt;</a>&nbsp;&nbsp;&nbsp;Push_Control
<LI><a href="#[27a]">&gt;&gt;</a>&nbsp;&nbsp;&nbsp;find_longest
</UL>

<P><STRONG><a name="[30e]"></a>___aeabi_memcpy4$ret</STRONG> (Thumb, 0 bytes, Stack size 8 bytes, memcpy.o(.text), UNUSED)

<P><STRONG><a name="[30f]"></a>___aeabi_memcpy8$ret</STRONG> (Thumb, 0 bytes, Stack size 8 bytes, memcpy.o(.text), UNUSED)

<P><STRONG><a name="[310]"></a>__aeabi_memcpy</STRONG> (Thumb, 40 bytes, Stack size 8 bytes, memcpy.o(.text), UNUSED)

<P><STRONG><a name="[186]"></a>memcpy</STRONG> (Thumb, 0 bytes, Stack size 8 bytes, memcpy.o(.text))
<BR><BR>[Stack]<UL><LI>Max Depth = 8<LI>Call Chain = memcpy
</UL>
<BR>[Called By]<UL><LI><a href="#[277]">&gt;&gt;</a>&nbsp;&nbsp;&nbsp;fifo_write_buffer
<LI><a href="#[274]">&gt;&gt;</a>&nbsp;&nbsp;&nbsp;fifo_read_buffer
<LI><a href="#[184]">&gt;&gt;</a>&nbsp;&nbsp;&nbsp;DbgConsole_PrintfFormattedData
</UL>

<P><STRONG><a name="[f2]"></a>__aeabi_memset</STRONG> (Thumb, 14 bytes, Stack size 0 bytes, memseta.o(.text))
<BR><BR>[Called By]<UL><LI><a href="#[f3]">&gt;&gt;</a>&nbsp;&nbsp;&nbsp;memset
<LI><a href="#[f1]">&gt;&gt;</a>&nbsp;&nbsp;&nbsp;__aeabi_memclr
</UL>

<P><STRONG><a name="[311]"></a>__aeabi_memset4</STRONG> (Thumb, 0 bytes, Stack size 0 bytes, memseta.o(.text), UNUSED)

<P><STRONG><a name="[312]"></a>__aeabi_memset8</STRONG> (Thumb, 0 bytes, Stack size 0 bytes, memseta.o(.text), UNUSED)

<P><STRONG><a name="[f1]"></a>__aeabi_memclr</STRONG> (Thumb, 4 bytes, Stack size 0 bytes, memseta.o(.text), UNUSED)
<BR><BR>[Calls]<UL><LI><a href="#[f2]">&gt;&gt;</a>&nbsp;&nbsp;&nbsp;__aeabi_memset
</UL>

<P><STRONG><a name="[313]"></a>__aeabi_memclr4</STRONG> (Thumb, 0 bytes, Stack size 0 bytes, memseta.o(.text), UNUSED)

<P><STRONG><a name="[314]"></a>__aeabi_memclr8</STRONG> (Thumb, 0 bytes, Stack size 0 bytes, memseta.o(.text), UNUSED)

<P><STRONG><a name="[f3]"></a>memset</STRONG> (Thumb, 18 bytes, Stack size 8 bytes, memseta.o(.text))
<BR><BR>[Stack]<UL><LI>Max Depth = 8<LI>Call Chain = memset
</UL>
[...]
</UL>

<P><STRONG><a name="[147]"></a>CLOCK_EnableClock</STRONG> (Thumb, 22 bytes, Stack size 16 bytes, fsl_qtmr.o(.text.CLOCK_EnableClock))
<BR><BR>[Stack]<UL><LI>Max Depth = 632<LI>Call Chain = CLOCK_EnableClock &rArr; CLOCK_ControlGate &rArr; __aeabi_assert &rArr; DbgConsole_Printf &rArr; DbgConsole_Vprintf &rArr; DbgConsole_PrintfFormattedData &rArr; DbgConsole_ConvertFloatRadixNumToString &rArr; __hardfp_pow &rArr; sqrt
</UL>
<BR>[Calls]<UL><LI><a href="#[137]">&gt;&gt;</a>&nbsp;&nbsp;&nbsp;CLOCK_ControlGate
</UL>
<BR>[Called By]<UL><LI><a href="#[22e]">&gt;&gt;</a>&nbsp;&nbsp;&nbsp;QTMR_Init
</UL>

<P><STRONG><a name="[137]"></a>CLOCK_ControlGate</STRONG> (Thumb, 102 bytes, Stack size 24 bytes, fsl_qtmr.o(.text.CLOCK_ControlGate))
<BR><BR>[Stack]<UL><LI>Max Depth = 616<LI>Call Chain = CLOCK_ControlGate &rArr; __aeabi_assert &rArr; DbgConsole_Printf &rArr; DbgConsole_Vprintf &rArr; DbgConsole_PrintfFormattedData &rArr; DbgConsole_ConvertFloatRadixNumToString &rArr; __hardfp_pow &rArr; sqrt
</UL>
<BR>[Calls]<UL><LI><a href="#[128]">&gt;&gt;</a>&nbsp;&nbsp;&nbsp;__aeabi_assert
<LI><a href="#[138]">&gt;&gt;</a>&nbsp;&nbsp;&nbsp;_SDK_AtomicLocalClearAndSet4Byte
</UL>
<BR>[Called By]<UL><LI><a href="#[13f]">&gt;&gt;</a>&nbsp;&nbsp;&nbsp;CLOCK_DisableClock
<LI><a href="#[147]">&gt;&gt;</a>&nbsp;&nbsp;&nbsp;CLOCK_EnableClock
</UL>

<P><STRONG><a name="[13f]"></a>CLOCK_DisableClock</STRONG> (Thumb, 22 bytes, Stack size 16 bytes, fsl_qtmr.o(.text.CLOCK_DisableClock))
<BR><BR>[Stack]<UL><LI>Max Depth = 632<LI>Call Chain = CLOCK_DisableClock &rArr; CLOCK_ControlGate &rArr; __aeabi_assert &rArr; DbgConsole_Printf &rArr; DbgConsole_Vprintf &rArr; DbgConsole_PrintfFormattedData &rArr; DbgConsole_ConvertFloatRadixNumToString &rArr; __hardfp_pow &rArr; sqrt
</UL>
<BR>[Calls]<UL><LI><a href="#[137]">&gt;&gt;</a>&nbsp;&nbsp;&nbsp;CLOCK_ControlGate
</UL>
<BR>[Called By]<UL><LI><a href="#[22b]">&gt;&gt;</a>&nbsp;&nbsp;&nbsp;QTMR_Deinit
</UL>

<P><STRONG><a name="[138]"></a>_SDK_AtomicLocalClearAndSet4Byte</STRONG> (Thumb, 50 bytes, Stack size 16 bytes, fsl_qtmr.o(.text._SDK_AtomicLocalClearAndSet4Byte))
<BR><BR>[Stack]<UL><LI>Max Depth = 16<LI>Call Chain = _SDK_AtomicLocalClearAndSet4Byte
</UL>
<BR>[Called By]<UL><LI><a href="#[137]">&gt;&gt;</a>&nbsp;&nbsp;&nbsp;CLOCK_ControlGate
</UL>

<P><STRONG><a name="[22f]"></a>SAI_RxGetEnabledInterruptStatus</STRONG> (Thumb, 56 bytes, Stack size 20 bytes, fsl_sai.o(.text.SAI_RxGetEnabledInterruptStatus))
<BR><BR>[Stack]<UL><LI>Max Depth = 20<LI>Call Chain = SAI_RxGetEnabledInterruptStatus
</UL>
<BR>[Called By]<UL><LI><a href="#[d1]">&gt;&gt;</a>&nbsp;&nbsp;&nbsp;SAI2_DriverIRQHandler
<LI><a href="#[d0]">&gt;&gt;</a>&nbsp;&nbsp;&nbsp;SAI1_DriverIRQHandler
</UL>

<P><STRONG><a name="[230]"></a>SAI_TxGetEnabledInterruptStatus</STRONG> (Thumb, 54 bytes, Stack size 20 bytes, fsl_sai.o(.text.SAI_TxGetEnabledInterruptStatus))
<BR><BR>[Stack]<UL><LI>Max Depth = 20<LI>Call Chain = SAI_TxGetEnabledInterruptStatus
</UL>
<BR>[Called By]<UL><LI><a href="#[d1]">&gt;&gt;</a>&nbsp;&nbsp;&nbsp;SAI2_DriverIRQHandler
<LI><a href="#[d0]">&gt;&gt;</a>&nbsp;&nbsp;&nbsp;SAI1_DriverIRQHandler
</UL>

<P><STRONG><a name="[123]"></a>CLOCK_GetMux</STRONG> (Thumb, 40 bytes, Stack size 4 bytes, board.o(.text.CLOCK_GetMux))
<BR><BR>[Stack]<UL><LI>Max Depth = 4<LI>Call Chain = CLOCK_GetMux
</UL>
<BR>[Called By]<UL><LI><a href="#[122]">&gt;&gt;</a>&nbsp;&nbsp;&nbsp;BOARD_DebugConsoleSrcFreq
</UL>

<P><STRONG><a name="[125]"></a>CLOCK_GetDiv</STRONG> (Thumb, 40 bytes, Stack size 4 bytes, board.o(.text.CLOCK_GetDiv))
<BR><BR>[Stack]<UL><LI>Max Depth = 4<LI>Call Chain = CLOCK_GetDiv
</UL>
<BR>[Called By]<UL><LI><a href="#[122]">&gt;&gt;</a>&nbsp;&nbsp;&nbsp;BOARD_DebugConsoleSrcFreq
</UL>

<P><STRONG><a name="[126]"></a>CLOCK_GetOscFreq</STRONG> (Thumb, 52 bytes, Stack size 4 bytes, board.o(.text.CLOCK_GetOscFreq))
<BR><BR>[Stack]<UL><LI>Max Depth = 4<LI>Call Chain = CLOCK_GetOscFreq
</UL>
<BR>[Called By]<UL><LI><a href="#[122]">&gt;&gt;</a>&nbsp;&nbsp;&nbsp;BOARD_DebugConsoleSrcFreq
</UL>

<P><STRONG><a name="[120]"></a>ARM_MPU_Disable</STRONG> (Thumb, 38 bytes, Stack size 0 bytes, board.o(.text.ARM_MPU_Disable))
<BR><BR>[Called By]<UL><LI><a href="#[11f]">&gt;&gt;</a>&nbsp;&nbsp;&nbsp;BOARD_ConfigMPU
</UL>

<P><STRONG><a name="[121]"></a>ARM_MPU_Enable</STRONG> (Thumb, 48 bytes, Stack size 4 bytes, board.o(.text.ARM_MPU_Enable))
<BR><BR>[Stack]<UL><LI>Max Depth = 4<LI>Call Chain = ARM_MPU_Enable
</UL>
<BR>[Called By]<UL><LI><a href="#[11f]">&gt;&gt;</a>&nbsp;&nbsp;&nbsp;BOARD_ConfigMPU
</UL>

<P><STRONG><a name="[111]"></a>CLOCK_SetRtcXtalFreq</STRONG> (Thumb, 20 bytes, Stack size 4 bytes, clock_config.o(.text.CLOCK_SetRtcXtalFreq))
<BR><BR>[Stack]<UL><LI>Max Depth = 4<LI>Call Chain = CLOCK_SetRtcXtalFreq
</UL>
<BR>[Called By]<UL><LI><a href="#[110]">&gt;&gt;</a>&nbsp;&nbsp;&nbsp;BOARD_BootClockRUN
</UL>

<P><STRONG><a name="[112]"></a>CLOCK_SetXtalFreq</STRONG> (Thumb, 20 bytes, Stack size 4 bytes, clock_config.o(.text.CLOCK_SetXtalFreq))
<BR><BR>[Stack]<UL><LI>Max Depth = 4<LI>Call Chain = CLOCK_SetXtalFreq
</UL>
<BR>[Called By]<UL><LI><a href="#[110]">&gt;&gt;</a>&nbsp;&nbsp;&nbsp;BOARD_BootClockRUN
</UL>

<P><STRONG><a name="[116]"></a>CLOCK_SetMux</STRONG> (Thumb, 138 bytes, Stack size 24 bytes, clock_config.o(.text.CLOCK_SetMux))
<BR><BR>[Stack]<UL><LI>Max Depth = 616<LI>Call Chain = CLOCK_SetMux &rArr; __aeabi_assert &rArr; DbgConsole_Printf &rArr; DbgConsole_Vprintf &rArr; DbgConsole_PrintfFormattedData &rArr; DbgConsole_ConvertFloatRadixNumToString &rArr; __hardfp_pow &rArr; sqrt
</UL>
<BR>[Calls]<UL><LI><a href="#[128]">&gt;&gt;</a>&nbsp;&nbsp;&nbsp;__aeabi_assert
</UL>
<BR>[Called By]<UL><LI><a href="#[110]">&gt;&gt;</a>&nbsp;&nbsp;&nbsp;BOARD_BootClockRUN
</UL>

<P><STRONG><a name="[119]"></a>CLOCK_SetPllBypass</STRONG> (Thumb, 64 bytes, Stack size 12 bytes, clock_config.o(.text.CLOCK_SetPllBypass))
<BR><BR>[Stack]<UL><LI>Max Depth = 12<LI>Call Chain = CLOCK_SetPllBypass
</UL>
<BR>[Called By]<UL><LI><a href="#[110]">&gt;&gt;</a>&nbsp;&nbsp;&nbsp;BOARD_BootClockRUN
</UL>

<P><STRONG><a name="[11d]"></a>CLOCK_SetDiv</STRONG> (Thumb, 138 bytes, Stack size 24 bytes, clock_config.o(.text.CLOCK_SetDiv))
<BR><BR>[Stack]<UL><LI>Max Depth = 616<LI>Call Chain = CLOCK_SetDiv &rArr; __aeabi_assert &rArr; DbgConsole_Printf &rArr; DbgConsole_Vprintf &rArr; DbgConsole_PrintfFormattedData &rArr; DbgConsole_ConvertFloatRadixNumToString &rArr; __hardfp_pow &rArr; sqrt
</UL>
<BR>[Calls]<UL><LI><a href="#[128]">&gt;&gt;</a>&nbsp;&nbsp;&nbsp;__aeabi_assert
</UL>
<BR>[Called By]<UL><LI><a href="#[110]">&gt;&gt;</a>&nbsp;&nbsp;&nbsp;BOARD_BootClockRUN
</UL>

<P><STRONG><a name="[11e]"></a>CLOCK_DisableClock</STRONG> (Thumb, 22 bytes, Stack size 16 bytes, clock_config.o(.text.CLOCK_DisableClock))
<BR><BR>[Stack]<UL><LI>Max Depth = 632<LI>Call Chain = CLOCK_DisableClock &rArr; CLOCK_ControlGate &rArr; __aeabi_assert &rArr; DbgConsole_Printf &rArr; DbgConsole_Vprintf &rArr; DbgConsole_PrintfFormattedData &rArr; DbgConsole_ConvertFloatRadixNumToString &rArr; __hardfp_pow &rArr; sqrt
</UL>
<BR>[Calls]<UL><LI><a href="#[139]">&gt;&gt;</a>&nbsp;&nbsp;&nbsp;CLOCK_ControlGate
</UL>
<BR>[Called By]<UL><LI><a href="#[110]">&gt;&gt;</a>&nbsp;&nbsp;&nbsp;BOARD_BootClockRUN
</UL>

<P><STRONG><a name="[139]"></a>CLOCK_ControlGate</STRONG> (Thumb, 102 bytes, Stack size 24 bytes, clock_config.o(.text.CLOCK_ControlGate))
<BR><BR>[Stack]<UL><LI>Max Depth = 616<LI>Call Chain = CLOCK_ControlGate &rArr; __aeabi_assert &rArr; DbgConsole_Printf &rArr; DbgConsole_Vprintf &rArr; DbgConsole_PrintfFormattedData &rArr; DbgConsole_ConvertFloatRadixNumToString &rArr; __hardfp_pow &rArr; sqrt
</UL>
<BR>[Calls]<UL><LI><a href="#[128]">&gt;&gt;</a>&nbsp;&nbsp;&nbsp;__aeabi_assert
<LI><a href="#[13a]">&gt;&gt;</a>&nbsp;&nbsp;&nbsp;_SDK_AtomicLocalClearAndSet4Byte
</UL>
<BR>[Called By]<UL><LI><a href="#[11e]">&gt;&gt;</a>&nbsp;&nbsp;&nbsp;CLOCK_DisableClock
</UL>

<P><STRONG><a name="[13a]"></a>_SDK_AtomicLocalClearAndSet4Byte</STRONG> (Thumb, 50 bytes, Stack size 16 bytes, clock_config.o(.text._SDK_AtomicLocalClearAndSet4Byte))
<BR><BR>[Stack]<UL><LI>Max Depth = 16<LI>Call Chain = _SDK_AtomicLocalClearAndSet4Byte
</UL>
<BR>[Called By]<UL><LI><a href="#[139]">&gt;&gt;</a>&nbsp;&nbsp;&nbsp;CLOCK_ControlGate
</UL>

<P><STRONG><a name="[184]"></a>DbgConsole_PrintfFormattedData</STRONG> (Thumb, 2616 bytes, Stack size 184 bytes, fsl_debug_console.o(.text.DbgConsole_PrintfFormattedData))
<BR><BR>[Stack]<UL><LI>Max Depth = 520<LI>Call Chain = DbgConsole_PrintfFormattedData &rArr; DbgConsole_ConvertFloatRadixNumToString &rArr; __hardfp_pow &rArr; sqrt
</UL>
<BR>[Calls]<UL><LI><a href="#[17e]">&gt;&gt;</a>&nbsp;&nbsp;&nbsp;DbgConsole_ConvertFloatRadixNumToString
<LI><a href="#[185]">&gt;&gt;</a>&nbsp;&nbsp;&nbsp;DbgConsole_PrintfPaddingCharacter
<LI><a href="#[181]">&gt;&gt;</a>&nbsp;&nbsp;&nbsp;DbgConsole_ConvertRadixNumToString
<LI><a href="#[187]">&gt;&gt;</a>&nbsp;&nbsp;&nbsp;strlen
<LI><a href="#[186]">&gt;&gt;</a>&nbsp;&nbsp;&nbsp;memcpy
</UL>
<BR>[Called By]<UL><LI><a href="#[183]">&gt;&gt;</a>&nbsp;&nbsp;&nbsp;DbgConsole_Vprintf
</UL>

<P><STRONG><a name="[181]"></a>DbgConsole_ConvertRadixNumToString</STRONG> (Thumb, 492 bytes, Stack size 112 bytes, fsl_debug_console.o(.text.DbgConsole_ConvertRadixNumToString))
<BR><BR>[Stack]<UL><LI>Max Depth = 176<LI>Call Chain = DbgConsole_ConvertRadixNumToString &rArr; __aeabi_ldivmod &rArr; __aeabi_uldivmod
</UL>
<BR>[Calls]<UL><LI><a href="#[f0]">&gt;&gt;</a>&nbsp;&nbsp;&nbsp;__aeabi_ldivmod
<LI><a href="#[ed]">&gt;&gt;</a>&nbsp;&nbsp;&nbsp;__aeabi_uldivmod
</UL>
<BR>[Called By]<UL><LI><a href="#[184]">&gt;&gt;</a>&nbsp;&nbsp;&nbsp;DbgConsole_PrintfFormattedData
</UL>

<P><STRONG><a name="[185]"></a>DbgConsole_PrintfPaddingCharacter</STRONG> (Thumb, 64 bytes, Stack size 32 bytes, fsl_debug_console.o(.text.DbgConsole_PrintfPaddingCharacter))
<BR><BR>[Stack]<UL><LI>Max Depth = 32<LI>Call Chain = DbgConsole_PrintfPaddingCharacter
</UL>
<BR>[Called By]<UL><LI><a href="#[184]">&gt;&gt;</a>&nbsp;&nbsp;&nbsp;DbgConsole_PrintfFormattedData
</UL>

<P><STRONG><a name="[17e]"></a>DbgConsole_ConvertFloatRadixNumToString</STRONG> (Thumb, 596 bytes, Stack size 120 bytes, fsl_debug_console.o(.text.DbgConsole_ConvertFloatRadixNumToString))
<BR><BR>[Stack]<UL><LI>Max Depth = 336<LI>Call Chain = DbgConsole_ConvertFloatRadixNumToString &rArr; __hardfp_pow &rArr; sqrt
</UL>
<BR>[Calls]<UL><LI><a href="#[180]">&gt;&gt;</a>&nbsp;&nbsp;&nbsp;__hardfp_pow
<LI><a href="#[17f]">&gt;&gt;</a>&nbsp;&nbsp;&nbsp;__hardfp_modf
</UL>
<BR>[Called By]<UL><LI><a href="#[184]">&gt;&gt;</a>&nbsp;&nbsp;&nbsp;DbgConsole_PrintfFormattedData
</UL>

<P><STRONG><a name="[241]"></a>USB_DeviceEhciInterruptReset</STRONG> (Thumb, 140 bytes, Stack size 32 bytes, usb_device_ehci.o(.text.USB_DeviceEhciInterruptReset))
<BR><BR>[Stack]<UL><LI>Max Depth = 160<LI>Call Chain = USB_DeviceEhciInterruptReset &rArr; USB_DeviceNotificationTrigger &rArr; USB_DeviceNotification &rArr; USB_DeviceResetNotification &rArr; USB_DeviceControl
</UL>
<BR>[Calls]<UL><LI><a href="#[23f]">&gt;&gt;</a>&nbsp;&nbsp;&nbsp;USB_DeviceNotificationTrigger
</UL>
<BR>[Called By]<UL><LI><a href="#[244]">&gt;&gt;</a>&nbsp;&nbsp;&nbsp;USB_DeviceEhciIsrFunction
</UL>

<P><STRONG><a name="[242]"></a>USB_DeviceEhciInterruptTokenDone</STRONG> (Thumb, 1050 bytes, Stack size 56 bytes, usb_device_ehci.o(.text.USB_DeviceEhciInterruptTokenDone))
<BR><BR>[Stack]<UL><LI>Max Depth = 232<LI>Call Chain = USB_DeviceEhciInterruptTokenDone &rArr; USB_DeviceEhciCancelControlPipe &rArr; USB_DeviceNotificationTrigger &rArr; USB_DeviceNotification &rArr; USB_DeviceResetNotification &rArr; USB_DeviceControl
</UL>
<BR>[Calls]<UL><LI><a href="#[23f]">&gt;&gt;</a>&nbsp;&nbsp;&nbsp;USB_DeviceNotificationTrigger
<LI><a href="#[243]">&gt;&gt;</a>&nbsp;&nbsp;&nbsp;USB_DeviceEhciFillSetupBuffer
<LI><a href="#[23e]">&gt;&gt;</a>&nbsp;&nbsp;&nbsp;USB_DeviceEhciCancelControlPipe
</UL>
<BR>[Called By]<UL><LI><a href="#[244]">&gt;&gt;</a>&nbsp;&nbsp;&nbsp;USB_DeviceEhciIsrFunction
</UL>

<P><STRONG><a name="[240]"></a>USB_DeviceEhciInterruptPortChange</STRONG> (Thumb, 110 bytes, Stack size 24 bytes, usb_device_ehci.o(.text.USB_DeviceEhciInterruptPortChange))
<BR><BR>[Stack]<UL><LI>Max Depth = 152<LI>Call Chain = USB_DeviceEhciInterruptPortChange &rArr; USB_DeviceNotificationTrigger &rArr; USB_DeviceNotification &rArr; USB_DeviceResetNotification &rArr; USB_DeviceControl
</UL>
<BR>[Calls]<UL><LI><a href="#[23f]">&gt;&gt;</a>&nbsp;&nbsp;&nbsp;USB_DeviceNotificationTrigger
</UL>
<BR>[Called By]<UL><LI><a href="#[244]">&gt;&gt;</a>&nbsp;&nbsp;&nbsp;USB_DeviceEhciIsrFunction
</UL>

<P><STRONG><a name="[245]"></a>USB_DeviceEhciInterruptSof</STRONG> (Thumb, 8 bytes, Stack size 4 bytes, usb_device_ehci.o(.text.USB_DeviceEhciInterruptSof))
<BR><BR>[Stack]<UL><LI>Max Depth = 4<LI>Call Chain = USB_DeviceEhciInterruptSof
</UL>
<BR>[Called By]<UL><LI><a href="#[244]">&gt;&gt;</a>&nbsp;&nbsp;&nbsp;USB_DeviceEhciIsrFunction
</UL>

<P><STRONG><a name="[23e]"></a>USB_DeviceEhciCancelControlPipe</STRONG> (Thumb, 348 bytes, Stack size 48 bytes, usb_device_ehci.o(.text.USB_DeviceEhciCancelControlPipe))
<BR><BR>[Stack]<UL><LI>Max Depth = 176<LI>Call Chain = USB_DeviceEhciCancelControlPipe &rArr; USB_DeviceNotificationTrigger &rArr; USB_DeviceNotification &rArr; USB_DeviceResetNotification &rArr; USB_DeviceControl
</UL>
<BR>[Calls]<UL><LI><a href="#[23f]">&gt;&gt;</a>&nbsp;&nbsp;&nbsp;USB_DeviceNotificationTrigger
</UL>
<BR>[Called By]<UL><LI><a href="#[242]">&gt;&gt;</a>&nbsp;&nbsp;&nbsp;USB_DeviceEhciInterruptTokenDone
</UL>

<P><STRONG><a name="[243]"></a>USB_DeviceEhciFillSetupBuffer</STRONG> (Thumb, 142 bytes, Stack size 8 bytes, usb_device_ehci.o(.text.USB_DeviceEhciFillSetupBuffer))
<BR><BR>[Stack]<UL><LI>Max Depth = 8<LI>Call Chain = USB_DeviceEhciFillSetupBuffer
</UL>
<BR>[Called By]<UL><LI><a href="#[242]">&gt;&gt;</a>&nbsp;&nbsp;&nbsp;USB_DeviceEhciInterruptTokenDone
</UL>

<P><STRONG><a name="[246]"></a>USB_DeviceNotification</STRONG> (Thumb, 236 bytes, Stack size 32 bytes, usb_device_dci.o(.text.USB_DeviceNotification))
<BR><BR>[Stack]<UL><LI>Max Depth = 96<LI>Call Chain = USB_DeviceNotification &rArr; USB_DeviceResetNotification &rArr; USB_DeviceControl
</UL>
<BR>[Calls]<UL><LI><a href="#[247]">&gt;&gt;</a>&nbsp;&nbsp;&nbsp;USB_DeviceResetNotification
</UL>
<BR>[Called By]<UL><LI><a href="#[23f]">&gt;&gt;</a>&nbsp;&nbsp;&nbsp;USB_DeviceNotificationTrigger
</UL>

<P><STRONG><a name="[247]"></a>USB_DeviceResetNotification</STRONG> (Thumb, 134 bytes, Stack size 32 bytes, usb_device_dci.o(.text.USB_DeviceResetNotification))
<BR><BR>[Stack]<UL><LI>Max Depth = 64<LI>Call Chain = USB_DeviceResetNotification &rArr; USB_DeviceControl
</UL>
<BR>[Calls]<UL><LI><a href="#[248]">&gt;&gt;</a>&nbsp;&nbsp;&nbsp;USB_DeviceControl
</UL>
<BR>[Called By]<UL><LI><a href="#[246]">&gt;&gt;</a>&nbsp;&nbsp;&nbsp;USB_DeviceNotification
</UL>

<P><STRONG><a name="[248]"></a>USB_DeviceControl</STRONG> (Thumb, 86 bytes, Stack size 32 bytes, usb_device_dci.o(.text.USB_DeviceControl))
<BR><BR>[Stack]<UL><LI>Max Depth = 32<LI>Call Chain = USB_DeviceControl
</UL>
<BR>[Called By]<UL><LI><a href="#[247]">&gt;&gt;</a>&nbsp;&nbsp;&nbsp;USB_DeviceResetNotification
</UL>

<P><STRONG><a name="[2bf]"></a>get_uart_index</STRONG> (Thumb, 60 bytes, Stack size 8 bytes, my_uart.o(.text.get_uart_index))
<BR><BR>[Stack]<UL><LI>Max Depth = 8<LI>Call Chain = get_uart_index
</UL>
<BR>[Called By]<UL><LI><a href="#[1fb]">&gt;&gt;</a>&nbsp;&nbsp;&nbsp;my_uart_callback
</UL>

<P><STRONG><a name="[2c0]"></a>get_uart_protocol</STRONG> (Thumb, 108 bytes, Stack size 16 bytes, my_uart.o(.text.get_uart_protocol))
<BR><BR>[Stack]<UL><LI>Max Depth = 16<LI>Call Chain = get_uart_protocol
</UL>
<BR>[Called By]<UL><LI><a href="#[23c]">&gt;&gt;</a>&nbsp;&nbsp;&nbsp;uart_send_int16_with_delimiter
<LI><a href="#[1fb]">&gt;&gt;</a>&nbsp;&nbsp;&nbsp;my_uart_callback
</UL>

<P><STRONG><a name="[2bb]"></a>mt9v03x_write_word_sccb</STRONG> (Thumb, 50 bytes, Stack size 16 bytes, zf_device_config.o(.text.mt9v03x_write_word_sccb))
<BR><BR>[Stack]<UL><LI>Max Depth = 816<LI>Call Chain = mt9v03x_write_word_sccb &rArr; soft_iic_sccb_write_register &rArr; soft_iic_send_data &rArr; soft_iic_wait_ack &rArr; debug_assert_handler &rArr; debug_protective_handler &rArr; pwm_set_duty &rArr;  debug_assert_handler (Cycle)
</UL>
<BR>[Calls]<UL><LI><a href="#[2be]">&gt;&gt;</a>&nbsp;&nbsp;&nbsp;soft_iic_sccb_write_register
</UL>
<BR>[Called By]<UL><LI><a href="#[2b7]">&gt;&gt;</a>&nbsp;&nbsp;&nbsp;mt9v03x_set_config_sccb
<LI><a href="#[2bc]">&gt;&gt;</a>&nbsp;&nbsp;&nbsp;mt9v03x_set_exposure_time_sccb
</UL>

<P><STRONG><a name="[2b9]"></a>mt9v03x_read_word_sccb</STRONG> (Thumb, 60 bytes, Stack size 16 bytes, zf_device_config.o(.text.mt9v03x_read_word_sccb))
<BR><BR>[Stack]<UL><LI>Max Depth = 816<LI>Call Chain = mt9v03x_read_word_sccb &rArr; soft_iic_sccb_read_register &rArr; soft_iic_send_data &rArr; soft_iic_wait_ack &rArr; debug_assert_handler &rArr; debug_protective_handler &rArr; pwm_set_duty &rArr;  debug_assert_handler (Cycle)
</UL>
<BR>[Calls]<UL><LI><a href="#[2ba]">&gt;&gt;</a>&nbsp;&nbsp;&nbsp;soft_iic_sccb_read_register
</UL>
<BR>[Called By]<UL><LI><a href="#[2b7]">&gt;&gt;</a>&nbsp;&nbsp;&nbsp;mt9v03x_set_config_sccb
</UL>

<P><STRONG><a name="[2fb]"></a>_fp_digits</STRONG> (Thumb, 366 bytes, Stack size 64 bytes, printfa.o(i._fp_digits), UNUSED)
<BR><BR>[Calls]<UL><LI><a href="#[ed]">&gt;&gt;</a>&nbsp;&nbsp;&nbsp;__aeabi_uldivmod
<LI><a href="#[fb]">&gt;&gt;</a>&nbsp;&nbsp;&nbsp;__aeabi_dmul
<LI><a href="#[fc]">&gt;&gt;</a>&nbsp;&nbsp;&nbsp;__aeabi_ddiv
<LI><a href="#[101]">&gt;&gt;</a>&nbsp;&nbsp;&nbsp;__aeabi_dadd
<LI><a href="#[107]">&gt;&gt;</a>&nbsp;&nbsp;&nbsp;__aeabi_d2ulz
<LI><a href="#[2fc]">&gt;&gt;</a>&nbsp;&nbsp;&nbsp;__aeabi_cdrcmple
</UL>
<BR>[Called By]<UL><LI><a href="#[2e9]">&gt;&gt;</a>&nbsp;&nbsp;&nbsp;_printf_core
</UL>

<P><STRONG><a name="[2e9]"></a>_printf_core</STRONG> (Thumb, 1744 bytes, Stack size 136 bytes, printfa.o(i._printf_core), UNUSED)
<BR><BR>[Calls]<UL><LI><a href="#[ed]">&gt;&gt;</a>&nbsp;&nbsp;&nbsp;__aeabi_uldivmod
<LI><a href="#[2ff]">&gt;&gt;</a>&nbsp;&nbsp;&nbsp;__aeabi_uidivmod
<LI><a href="#[2fd]">&gt;&gt;</a>&nbsp;&nbsp;&nbsp;_printf_pre_padding
<LI><a href="#[2fe]">&gt;&gt;</a>&nbsp;&nbsp;&nbsp;_printf_post_padding
<LI><a href="#[2fb]">&gt;&gt;</a>&nbsp;&nbsp;&nbsp;_fp_digits
</UL>
<BR>[Called By]<UL><LI><a href="#[2e8]">&gt;&gt;</a>&nbsp;&nbsp;&nbsp;__0sprintf
</UL>

<P><STRONG><a name="[2fe]"></a>_printf_post_padding</STRONG> (Thumb, 36 bytes, Stack size 24 bytes, printfa.o(i._printf_post_padding), UNUSED)
<BR><BR>[Called By]<UL><LI><a href="#[2e9]">&gt;&gt;</a>&nbsp;&nbsp;&nbsp;_printf_core
</UL>

<P><STRONG><a name="[2fd]"></a>_printf_pre_padding</STRONG> (Thumb, 46 bytes, Stack size 24 bytes, printfa.o(i._printf_pre_padding), UNUSED)
<BR><BR>[Called By]<UL><LI><a href="#[2e9]">&gt;&gt;</a>&nbsp;&nbsp;&nbsp;_printf_core
</UL>

<P><STRONG><a name="[ec]"></a>_sputc</STRONG> (Thumb, 10 bytes, Stack size 0 bytes, printfa.o(i._sputc))
<BR><BR>[Called By]<UL><LI><a href="#[2e8]">&gt;&gt;</a>&nbsp;&nbsp;&nbsp;__0sprintf
</UL>
<BR>[Address Reference Count : 1]<UL><LI> printfa.o(i.__0sprintf)
</UL>
<P><STRONG><a name="[f9]"></a>_fp_value</STRONG> (Thumb, 296 bytes, Stack size 64 bytes, scanf_fp.o(.text), UNUSED)
<BR><BR>[Calls]<UL><LI><a href="#[fa]">&gt;&gt;</a>&nbsp;&nbsp;&nbsp;__aeabi_ul2d
<LI><a href="#[fb]">&gt;&gt;</a>&nbsp;&nbsp;&nbsp;__aeabi_dmul
<LI><a href="#[fc]">&gt;&gt;</a>&nbsp;&nbsp;&nbsp;__aeabi_ddiv
</UL>
<BR>[Called By]<UL><LI><a href="#[fd]">&gt;&gt;</a>&nbsp;&nbsp;&nbsp;_scanf_really_real
</UL>

<P><STRONG><a name="[e3]"></a>_scanf_char_input</STRONG> (Thumb, 12 bytes, Stack size 0 bytes, scanf_char.o(.text))
<BR>[Address Reference Count : 1]<UL><LI> scanf_char.o(.text)
</UL><P>
<H3>
Undefined Global Symbols
</H3><HR></body></html>
